Archive member included to satisfy reference by file (symbol)

c:/vsarm/armcc/102021~1.10/bin/../lib/gcc/arm-none-eabi/10.3.1/thumb/v6-m/nofp\libgcc.a(_dvmd_tls.o)
                              CMakeFiles/gif_screen_driver.dir/C_/VSARM/sdk/pico/pico-sdk/src/rp2_common/pico_divider/divider.S.obj (__aeabi_idiv0)
c:/vsarm/armcc/102021~1.10/bin/../lib/gcc/arm-none-eabi/10.3.1/../../../../arm-none-eabi/lib/thumb/v6-m/nofp\libg.a(lib_a-calloc.o)
                              CMakeFiles/gif_screen_driver.dir/C_/VSARM/sdk/pico/pico-sdk/src/rp2_common/pico_malloc/pico_malloc.c.obj (calloc)
c:/vsarm/armcc/102021~1.10/bin/../lib/gcc/arm-none-eabi/10.3.1/../../../../arm-none-eabi/lib/thumb/v6-m/nofp\libg.a(lib_a-callocr.o)
                              c:/vsarm/armcc/102021~1.10/bin/../lib/gcc/arm-none-eabi/10.3.1/../../../../arm-none-eabi/lib/thumb/v6-m/nofp\libg.a(lib_a-calloc.o) (_calloc_r)
c:/vsarm/armcc/102021~1.10/bin/../lib/gcc/arm-none-eabi/10.3.1/../../../../arm-none-eabi/lib/thumb/v6-m/nofp\libg.a(lib_a-errno.o)
                              CMakeFiles/gif_screen_driver.dir/M_/house-projects/Christmas/display-screen-ws2812b/FatFs_SPI/src/ff_stdio.c.obj (__errno)
c:/vsarm/armcc/102021~1.10/bin/../lib/gcc/arm-none-eabi/10.3.1/../../../../arm-none-eabi/lib/thumb/v6-m/nofp\libg.a(lib_a-fflush.o)
                              CMakeFiles/gif_screen_driver.dir/M_/house-projects/Christmas/display-screen-ws2812b/FatFs_SPI/sd_driver/demo_logging.c.obj (fflush)
c:/vsarm/armcc/102021~1.10/bin/../lib/gcc/arm-none-eabi/10.3.1/../../../../arm-none-eabi/lib/thumb/v6-m/nofp\libg.a(lib_a-findfp.o)
                              c:/vsarm/armcc/102021~1.10/bin/../lib/gcc/arm-none-eabi/10.3.1/../../../../arm-none-eabi/lib/thumb/v6-m/nofp\libg.a(lib_a-fflush.o) (__sinit)
c:/vsarm/armcc/102021~1.10/bin/../lib/gcc/arm-none-eabi/10.3.1/../../../../arm-none-eabi/lib/thumb/v6-m/nofp\libg.a(lib_a-freer.o)
                              c:/vsarm/armcc/102021~1.10/bin/../lib/gcc/arm-none-eabi/10.3.1/../../../../arm-none-eabi/lib/thumb/v6-m/nofp\libg.a(lib_a-fflush.o) (_free_r)
c:/vsarm/armcc/102021~1.10/bin/../lib/gcc/arm-none-eabi/10.3.1/../../../../arm-none-eabi/lib/thumb/v6-m/nofp\libg.a(lib_a-fwalk.o)
                              c:/vsarm/armcc/102021~1.10/bin/../lib/gcc/arm-none-eabi/10.3.1/../../../../arm-none-eabi/lib/thumb/v6-m/nofp\libg.a(lib_a-findfp.o) (_fwalk)
c:/vsarm/armcc/102021~1.10/bin/../lib/gcc/arm-none-eabi/10.3.1/../../../../arm-none-eabi/lib/thumb/v6-m/nofp\libg.a(lib_a-impure.o)
                              c:/vsarm/armcc/102021~1.10/bin/../lib/gcc/arm-none-eabi/10.3.1/../../../../arm-none-eabi/lib/thumb/v6-m/nofp\libg.a(lib_a-fflush.o) (_global_impure_ptr)
c:/vsarm/armcc/102021~1.10/bin/../lib/gcc/arm-none-eabi/10.3.1/../../../../arm-none-eabi/lib/thumb/v6-m/nofp\libg.a(lib_a-init.o)
                              c:/vsarm/armcc/102021~1.10/bin/../lib/gcc/arm-none-eabi/10.3.1/../../../../arm-none-eabi/lib/thumb/v6-m/nofp/crt0.o (__libc_init_array)
c:/vsarm/armcc/102021~1.10/bin/../lib/gcc/arm-none-eabi/10.3.1/../../../../arm-none-eabi/lib/thumb/v6-m/nofp\libg.a(lib_a-lock.o)
                              c:/vsarm/armcc/102021~1.10/bin/../lib/gcc/arm-none-eabi/10.3.1/../../../../arm-none-eabi/lib/thumb/v6-m/nofp\libg.a(lib_a-findfp.o) (__retarget_lock_init_recursive)
c:/vsarm/armcc/102021~1.10/bin/../lib/gcc/arm-none-eabi/10.3.1/../../../../arm-none-eabi/lib/thumb/v6-m/nofp\libg.a(lib_a-malloc.o)
                              CMakeFiles/gif_screen_driver.dir/C_/VSARM/sdk/pico/pico-sdk/src/rp2_common/pico_malloc/pico_malloc.c.obj (malloc)
c:/vsarm/armcc/102021~1.10/bin/../lib/gcc/arm-none-eabi/10.3.1/../../../../arm-none-eabi/lib/thumb/v6-m/nofp\libg.a(lib_a-mallocr.o)
                              c:/vsarm/armcc/102021~1.10/bin/../lib/gcc/arm-none-eabi/10.3.1/../../../../arm-none-eabi/lib/thumb/v6-m/nofp\libg.a(lib_a-callocr.o) (_malloc_r)
c:/vsarm/armcc/102021~1.10/bin/../lib/gcc/arm-none-eabi/10.3.1/../../../../arm-none-eabi/lib/thumb/v6-m/nofp\libg.a(lib_a-memcmp.o)
                              CMakeFiles/gif_screen_driver.dir/gifdec.c.obj (memcmp)
c:/vsarm/armcc/102021~1.10/bin/../lib/gcc/arm-none-eabi/10.3.1/../../../../arm-none-eabi/lib/thumb/v6-m/nofp\libg.a(lib_a-mktime.o)
                              CMakeFiles/gif_screen_driver.dir/M_/house-projects/Christmas/display-screen-ws2812b/FatFs_SPI/src/rtc.c.obj (mktime)
c:/vsarm/armcc/102021~1.10/bin/../lib/gcc/arm-none-eabi/10.3.1/../../../../arm-none-eabi/lib/thumb/v6-m/nofp\libg.a(lib_a-mlock.o)
                              c:/vsarm/armcc/102021~1.10/bin/../lib/gcc/arm-none-eabi/10.3.1/../../../../arm-none-eabi/lib/thumb/v6-m/nofp\libg.a(lib_a-freer.o) (__malloc_lock)
c:/vsarm/armcc/102021~1.10/bin/../lib/gcc/arm-none-eabi/10.3.1/../../../../arm-none-eabi/lib/thumb/v6-m/nofp\libg.a(lib_a-realloc.o)
                              CMakeFiles/gif_screen_driver.dir/C_/VSARM/sdk/pico/pico-sdk/src/rp2_common/pico_malloc/pico_malloc.c.obj (realloc)
[...]
Memory Configuration

Name             Origin             Length             Attributes
FLASH            0x10000000         0x00801000         xr
RAM              0x20000000         0x00040000         xrw
SCRATCH_X        0x20040000         0x00001000         xrw
SCRATCH_Y        0x20041000         0x00001000         xrw
*default*        0x00000000         0xffffffff

Linker script and memory map

LOAD c:/vsarm/armcc/102021~1.10/bin/../lib/gcc/arm-none-eabi/10.3.1/thumb/v6-m/nofp/crti.o
LOAD c:/vsarm/armcc/102021~1.10/bin/../lib/gcc/arm-none-eabi/10.3.1/thumb/v6-m/nofp/crtbegin.o
LOAD c:/vsarm/armcc/102021~1.10/bin/../lib/gcc/arm-none-eabi/10.3.1/../../../../arm-none-eabi/lib/thumb/v6-m/nofp/crt0.o

.flash_begin    0x10000000        0x0
                0x10000000                __flash_binary_start = .

.boot2          0x10000000      0x100
                0x10000000                __boot2_start__ = .
 *(.boot2)
 .boot2         0x10000000      0x100 C:\Users\Branden\AppData\Local\Temp\ccKio3yU.o
                0x10000100                __boot2_end__ = .
                0x00000001                ASSERT (((__boot2_end__ - __boot2_start__) == 0x100), ERROR: Pico second stage bootloader must be 256 bytes in size)

.text           0x10000100    0x101f0
                0x10000100                __logical_binary_start = .
 *(.vectors)
 .vectors       0x10000100       0xd4 CMakeFiles/gif_screen_driver.dir/C_/VSARM/sdk/pico/pico-sdk/src/rp2_common/pico_standard_link/crt0.S.obj
                0x10000100                __VECTOR_TABLE
                0x10000100                __vectors
                0x100001c0                isr_invalid
                0x100001c0                __default_isrs_start
                0x100001c2                isr_nmi
                0x100001c4                isr_hardfault
                0x100001c6                isr_svcall
                0x100001c8                isr_pendsv
                0x100001ca                isr_systick
                0x100001cc                isr_irq23
                0x100001cc                isr_irq18
                0x100001cc                isr_irq11
                0x100001cc                isr_irq28
                0x100001cc                isr_irq19
                0x100001cc                isr_irq0
                0x100001cc                isr_irq6
                0x100001cc                isr_irq5
                0x100001cc                isr_irq12
                0x100001cc                isr_irq22
                0x100001cc                isr_irq31
                0x100001cc                isr_irq17
                0x100001cc                isr_irq27
                0x100001cc                isr_irq30
                0x100001cc                isr_irq2
                0x100001cc                isr_irq10
                0x100001cc                isr_irq8
                0x100001cc                isr_irq24
                0x100001cc                isr_irq1
                0x100001cc                isr_irq7
                0x100001cc                isr_irq21
                0x100001cc                isr_irq20
                0x100001cc                isr_irq15
                0x100001cc                isr_irq25
                0x100001cc                isr_irq13
                0x100001cc                __unhandled_user_irq
                0x100001cc                isr_irq4
                0x100001cc                isr_irq16
                0x100001cc                isr_irq29
                0x100001cc                isr_irq26
                0x100001cc                __default_isrs_end
                0x100001cc                isr_irq3
                0x100001cc                isr_irq14
                0x100001cc                isr_irq9
                0x100001d2                unhandled_user_irq_num_in_r0
 *(.binary_info_header)
 .binary_info_header
                0x100001d4       0x14 CMakeFiles/gif_screen_driver.dir/C_/VSARM/sdk/pico/pico-sdk/src/rp2_common/pico_standard_link/crt0.S.obj
                0x100001e8                __binary_info_header_end = .
 *(.reset)
 .reset         0x100001e8       0xa0 CMakeFiles/gif_screen_driver.dir/C_/VSARM/sdk/pico/pico-sdk/src/rp2_common/pico_standard_link/crt0.S.obj
                0x100001e8                _entry_point
 .reset         0x10000288       0x30 CMakeFiles/gif_screen_driver.dir/C_/VSARM/sdk/pico/pico-sdk/src/rp2_common/pico_standard_link/binary_info.c.obj
 *(.init)
 .init          0x100002b8        0x4 c:/vsarm/armcc/102021~1.10/bin/../lib/gcc/arm-none-eabi/10.3.1/thumb/v6-m/nofp/crti.o
                0x100002b8                _init
 *(EXCLUDE_FILE(*libm.a: *libc.a:*lib_a-mem*.o *libgcc.a:) .text*)
 .text          0x100002bc       0x48 c:/vsarm/armcc/102021~1.10/bin/../lib/gcc/arm-none-eabi/10.3.1/thumb/v6-m/nofp/crtbegin.o
 .text.alarm_init
                0x10000304       0x38 CMakeFiles/gif_screen_driver.dir/gif_screen_driver.c.obj
                0x10000304                alarm_init
 .text.io_init  0x1000033c       0x24 CMakeFiles/gif_screen_driver.dir/gif_screen_driver.c.obj
                0x1000033c                io_init
 .text.spi1_init
                0x10000360       0x60 CMakeFiles/gif_screen_driver.dir/gif_screen_driver.c.obj
                0x10000360                spi1_init
 .text.spi1_dma_init
                0x100003c0       0xc0 CMakeFiles/gif_screen_driver.dir/gif_screen_driver.c.obj
                0x100003c0                spi1_dma_init
 .text.display_i2c_init
                0x10000480       0x38 CMakeFiles/gif_screen_driver.dir/gif_screen_driver.c.obj
                0x10000480                display_i2c_init
 .text.display_init
                0x100004b8       0x2c CMakeFiles/gif_screen_driver.dir/gif_screen_driver.c.obj
                0x100004b8                display_init
 .text.output_column
                0x100004e4      0x10c CMakeFiles/gif_screen_driver.dir/gif_screen_driver.c.obj
                0x100004e4                output_column
 .text.shift_next_bits
                0x100005f0      0x114 CMakeFiles/gif_screen_driver.dir/gif_screen_driver.c.obj
                0x100005f0                shift_next_bits
 .text.draw_screen
                0x10000704       0x78 CMakeFiles/gif_screen_driver.dir/gif_screen_driver.c.obj
                0x10000704                draw_screen
 .text.clear_screen
                0x1000077c       0x2c CMakeFiles/gif_screen_driver.dir/gif_screen_driver.c.obj
                0x1000077c                clear_screen
 .text.gif_load
                0x100007a8       0xc0 CMakeFiles/gif_screen_driver.dir/gif_screen_driver.c.obj
                0x100007a8                gif_load
 .text.get_next_frame
                0x10000868       0x58 CMakeFiles/gif_screen_driver.dir/gif_screen_driver.c.obj
                0x10000868                get_next_frame
 .text.gif_animation_init
                0x100008c0       0x24 CMakeFiles/gif_screen_driver.dir/gif_screen_driver.c.obj
                0x100008c0                gif_animation_init
 .text.frame_alarm_handler
                0x100008e4       0x44 CMakeFiles/gif_screen_driver.dir/gif_screen_driver.c.obj
                0x100008e4                frame_alarm_handler
 .text.main     0x10000928      0x104 CMakeFiles/gif_screen_driver.dir/gif_screen_driver.c.obj
                0x10000928                main
 .text.sd_get_num
                0x10000a2c        0x4 CMakeFiles/gif_screen_driver.dir/hw_config.c.obj
                0x10000a2c                sd_get_num
 .text.sd_get_by_num
                0x10000a30       0x20 CMakeFiles/gif_screen_driver.dir/hw_config.c.obj
                0x10000a30                sd_get_by_num
 .text.spi_get_num
                0x10000a50        0x4 CMakeFiles/gif_screen_driver.dir/hw_config.c.obj
                0x10000a50                spi_get_num
 .text.spi_get_by_num
                0x10000a54       0x20 CMakeFiles/gif_screen_driver.dir/hw_config.c.obj
                0x10000a54                spi_get_by_num
 .text.color_correct_palette
                0x10000a74       0x20 CMakeFiles/gif_screen_driver.dir/gifdec.c.obj
 .text.interlaced_line_index
                0x10000a94       0x54 CMakeFiles/gif_screen_driver.dir/gifdec.c.obj
 .text.read_num
                0x10000ae8       0x1e CMakeFiles/gif_screen_driver.dir/gifdec.c.obj
 .text.get_key  0x10000b06       0xc4 CMakeFiles/gif_screen_driver.dir/gifdec.c.obj
 *fill*         0x10000bca        0x2 
 .text.render_frame_rect
                0x10000bcc       0x90 CMakeFiles/gif_screen_driver.dir/gifdec.c.obj
 .text.dispose  0x10000c5c       0x90 CMakeFiles/gif_screen_driver.dir/gifdec.c.obj
 .text.new_table
                0x10000cec       0x5c CMakeFiles/gif_screen_driver.dir/gifdec.c.obj
 .text.generate_cc_lookup
                0x10000d48       0x70 CMakeFiles/gif_screen_driver.dir/gifdec.c.obj
 .text.discard_sub_blocks
                0x10000db8       0x34 CMakeFiles/gif_screen_driver.dir/gifdec.c.obj
 .text.read_plain_text_ext
                0x10000dec       0xf6 CMakeFiles/gif_screen_driver.dir/gifdec.c.obj
 .text.read_graphic_control_ext
                0x10000ee2       0x64 CMakeFiles/gif_screen_driver.dir/gifdec.c.obj
 *fill*         0x10000f46        0x2 
 .text.read_comment_ext
                0x10000f48       0x28 CMakeFiles/gif_screen_driver.dir/gifdec.c.obj
 .text.read_application_ext
                0x10000f70       0xa4 CMakeFiles/gif_screen_driver.dir/gifdec.c.obj
 .text.read_ext
                0x10001014       0x58 CMakeFiles/gif_screen_driver.dir/gifdec.c.obj
 .text.add_entry
                0x1000106c       0x5e CMakeFiles/gif_screen_driver.dir/gifdec.c.obj
 *fill*         0x100010ca        0x2 
 .text.read_image_data
                0x100010cc      0x25c CMakeFiles/gif_screen_driver.dir/gifdec.c.obj
 .text.read_image
                0x10001328       0xd4 CMakeFiles/gif_screen_driver.dir/gifdec.c.obj
 .text.gd_open_gif
                0x100013fc      0x1d4 CMakeFiles/gif_screen_driver.dir/gifdec.c.obj
                0x100013fc                gd_open_gif
 .text.gd_get_frame
                0x100015d0       0x5a CMakeFiles/gif_screen_driver.dir/gifdec.c.obj
                0x100015d0                gd_get_frame
 .text.gd_render_frame
                0x1000162a       0x26 CMakeFiles/gif_screen_driver.dir/gifdec.c.obj
                0x1000162a                gd_render_frame
 .text.gd_rewind
                0x10001650        0xe CMakeFiles/gif_screen_driver.dir/gifdec.c.obj
                0x10001650                gd_rewind
 *fill*         0x1000165e        0x2 
 .text.gd_close_gif
                0x10001660       0x18 CMakeFiles/gif_screen_driver.dir/gifdec.c.obj
                0x10001660                gd_close_gif
 .text.ssd1306_init
                0x10001678      0x110 CMakeFiles/gif_screen_driver.dir/ssd1306.c.obj
                0x10001678                ssd1306_init
 .text.ssd1306_clear
                0x10001788       0x10 CMakeFiles/gif_screen_driver.dir/ssd1306.c.obj
                0x10001788                ssd1306_clear
 .text.ssd1306_clear_pixel
                0x10001798       0x26 CMakeFiles/gif_screen_driver.dir/ssd1306.c.obj
                0x10001798                ssd1306_clear_pixel
 .text.ssd1306_draw_pixel
                0x100017be       0x26 CMakeFiles/gif_screen_driver.dir/ssd1306.c.obj
                0x100017be                ssd1306_draw_pixel
 .text.ssd1306_clear_square
                0x100017e4       0x3e CMakeFiles/gif_screen_driver.dir/ssd1306.c.obj
                0x100017e4                ssd1306_clear_square
 .text.ssd1306_draw_square
                0x10001822       0x3e CMakeFiles/gif_screen_driver.dir/ssd1306.c.obj
                0x10001822                ssd1306_draw_square
 .text.ssd1306_draw_char_with_font
                0x10001860       0xc0 CMakeFiles/gif_screen_driver.dir/ssd1306.c.obj
                0x10001860                ssd1306_draw_char_with_font
 .text.ssd1306_draw_string_with_font
                0x10001920       0x4a CMakeFiles/gif_screen_driver.dir/ssd1306.c.obj
                0x10001920                ssd1306_draw_string_with_font
 *fill*         0x1000196a        0x2 
 .text.ssd1306_draw_string
                0x1000196c       0x18 CMakeFiles/gif_screen_driver.dir/ssd1306.c.obj
                0x1000196c                ssd1306_draw_string
 .text.ssd1306_show
                0x10001984       0xbc CMakeFiles/gif_screen_driver.dir/ssd1306.c.obj
                0x10001984                ssd1306_show
 .text.set_sys_clock_pll
                0x10001a40       0x78 CMakeFiles/gif_screen_driver.dir/C_/VSARM/sdk/pico/pico-sdk/src/rp2_common/pico_stdlib/stdlib.c.obj
                0x10001a40                set_sys_clock_pll
 .text.check_sys_clock_khz
                0x10001ab8       0xa4 CMakeFiles/gif_screen_driver.dir/C_/VSARM/sdk/pico/pico-sdk/src/rp2_common/pico_stdlib/stdlib.c.obj
                0x10001ab8                check_sys_clock_khz
 .text.gpio_set_function
                0x10001b5c       0x30 CMakeFiles/gif_screen_driver.dir/C_/VSARM/sdk/pico/pico-sdk/src/rp2_common/hardware_gpio/gpio.c.obj
                0x10001b5c                gpio_set_function
 .text.gpio_set_pulls
                0x10001b8c       0x34 CMakeFiles/gif_screen_driver.dir/C_/VSARM/sdk/pico/pico-sdk/src/rp2_common/hardware_gpio/gpio.c.obj
                0x10001b8c                gpio_set_pulls
 .text.gpio_set_drive_strength
                0x10001bc0       0x20 CMakeFiles/gif_screen_driver.dir/C_/VSARM/sdk/pico/pico-sdk/src/rp2_common/hardware_gpio/gpio.c.obj
                0x10001bc0                gpio_set_drive_strength
 .text.gpio_init
                0x10001be0       0x16 CMakeFiles/gif_screen_driver.dir/C_/VSARM/sdk/pico/pico-sdk/src/rp2_common/hardware_gpio/gpio.c.obj
                0x10001be0                gpio_init
 *fill*         0x10001bf6        0x2 
 .text.running_on_fpga
                0x10001bf8       0x14 CMakeFiles/gif_screen_driver.dir/C_/VSARM/sdk/pico/pico-sdk/src/rp2_common/pico_platform/platform.c.obj
                0x10001bf8                running_on_fpga
 .text.hw_claim_lock
                0x10001c0c       0x18 CMakeFiles/gif_screen_driver.dir/C_/VSARM/sdk/pico/pico-sdk/src/rp2_common/hardware_claim/claim.c.obj
                0x10001c0c                hw_claim_lock
 .text.hw_claim_unlock
                0x10001c24       0x14 CMakeFiles/gif_screen_driver.dir/C_/VSARM/sdk/pico/pico-sdk/src/rp2_common/hardware_claim/claim.c.obj
                0x10001c24                hw_claim_unlock
 .text.hw_claim_or_assert
                0x10001c38       0x32 CMakeFiles/gif_screen_driver.dir/C_/VSARM/sdk/pico/pico-sdk/src/rp2_common/hardware_claim/claim.c.obj
                0x10001c38                hw_claim_or_assert
 .text.hw_claim_unused_from_range
                0x10001c6a       0x50 CMakeFiles/gif_screen_driver.dir/C_/VSARM/sdk/pico/pico-sdk/src/rp2_common/hardware_claim/claim.c.obj
                0x10001c6a                hw_claim_unused_from_range
 *fill*         0x10001cba        0x2 
 .text.spin_locks_reset
                0x10001cbc       0x20 CMakeFiles/gif_screen_driver.dir/C_/VSARM/sdk/pico/pico-sdk/src/rp2_common/hardware_sync/sync.c.obj
                0x10001cbc                spin_locks_reset
 .text.next_striped_spin_lock_num
                0x10001cdc       0x1c CMakeFiles/gif_screen_driver.dir/C_/VSARM/sdk/pico/pico-sdk/src/rp2_common/hardware_sync/sync.c.obj
                0x10001cdc                next_striped_spin_lock_num
 .text.spin_lock_claim_unused
                0x10001cf8       0x20 CMakeFiles/gif_screen_driver.dir/C_/VSARM/sdk/pico/pico-sdk/src/rp2_common/hardware_sync/sync.c.obj
                0x10001cf8                spin_lock_claim_unused
 .text.set_raw_irq_handler_and_unlock
                0x10001d18       0x28 CMakeFiles/gif_screen_driver.dir/C_/VSARM/sdk/pico/pico-sdk/src/rp2_common/hardware_irq/irq.c.obj
 .text.make_branch
                0x10001d40       0x48 CMakeFiles/gif_screen_driver.dir/C_/VSARM/sdk/pico/pico-sdk/src/rp2_common/hardware_irq/irq.c.obj
 .text.insert_branch_and_link
                0x10001d88       0x40 CMakeFiles/gif_screen_driver.dir/C_/VSARM/sdk/pico/pico-sdk/src/rp2_common/hardware_irq/irq.c.obj
 .text.irq_is_enabled
                0x10001dc8       0x18 CMakeFiles/gif_screen_driver.dir/C_/VSARM/sdk/pico/pico-sdk/src/rp2_common/hardware_irq/irq.c.obj
                0x10001dc8                irq_is_enabled
 .text.irq_set_mask_enabled
                0x10001de0       0x20 CMakeFiles/gif_screen_driver.dir/C_/VSARM/sdk/pico/pico-sdk/src/rp2_common/hardware_irq/irq.c.obj
                0x10001de0                irq_set_mask_enabled
 .text.irq_set_enabled
                0x10001e00        0xe CMakeFiles/gif_screen_driver.dir/C_/VSARM/sdk/pico/pico-sdk/src/rp2_common/hardware_irq/irq.c.obj
                0x10001e00                irq_set_enabled
 *fill*         0x10001e0e        0x2 
 .text.irq_set_pending
                0x10001e10       0x10 CMakeFiles/gif_screen_driver.dir/C_/VSARM/sdk/pico/pico-sdk/src/rp2_common/hardware_irq/irq.c.obj
                0x10001e10                irq_set_pending
 .text.irq_get_vtable_handler
                0x10001e20       0x10 CMakeFiles/gif_screen_driver.dir/C_/VSARM/sdk/pico/pico-sdk/src/rp2_common/hardware_irq/irq.c.obj
                0x10001e20                irq_get_vtable_handler
 .text.irq_has_shared_handler
                0x10001e30       0x24 CMakeFiles/gif_screen_driver.dir/C_/VSARM/sdk/pico/pico-sdk/src/rp2_common/hardware_irq/irq.c.obj
                0x10001e30                irq_has_shared_handler
 .text.irq_set_exclusive_handler
                0x10001e54       0x54 CMakeFiles/gif_screen_driver.dir/C_/VSARM/sdk/pico/pico-sdk/src/rp2_common/hardware_irq/irq.c.obj
                0x10001e54                irq_set_exclusive_handler
 .text.irq_add_shared_handler
                0x10001ea8      0x234 CMakeFiles/gif_screen_driver.dir/C_/VSARM/sdk/pico/pico-sdk/src/rp2_common/hardware_irq/irq.c.obj
                0x10001ea8                irq_add_shared_handler
 .text.irq_remove_handler
                0x100020dc      0x1ac CMakeFiles/gif_screen_driver.dir/C_/VSARM/sdk/pico/pico-sdk/src/rp2_common/hardware_irq/irq.c.obj
                0x100020dc                irq_remove_handler
 .text.irq_add_tail_to_free_list
                0x10002288       0xf0 CMakeFiles/gif_screen_driver.dir/C_/VSARM/sdk/pico/pico-sdk/src/rp2_common/hardware_irq/irq.c.obj
                0x10002288                irq_add_tail_to_free_list
 .text.irq_init_priorities
                0x10002378       0x1c CMakeFiles/gif_screen_driver.dir/C_/VSARM/sdk/pico/pico-sdk/src/rp2_common/hardware_irq/irq.c.obj
                0x10002378                irq_init_priorities
 .text.user_irq_claim_unused
                0x10002394       0x28 CMakeFiles/gif_screen_driver.dir/C_/VSARM/sdk/pico/pico-sdk/src/rp2_common/hardware_irq/irq.c.obj
                0x10002394                user_irq_claim_unused
 .text.sem_init
                0x100023bc       0x1e CMakeFiles/gif_screen_driver.dir/C_/VSARM/sdk/pico/pico-sdk/src/common/pico_sync/sem.c.obj
                0x100023bc                sem_init
 *fill*         0x100023da        0x2 
 .text.lock_init
                0x100023dc       0x10 CMakeFiles/gif_screen_driver.dir/C_/VSARM/sdk/pico/pico-sdk/src/common/pico_sync/lock_core.c.obj
                0x100023dc                lock_init
 .text.mutex_init
                0x100023ec       0x1a CMakeFiles/gif_screen_driver.dir/C_/VSARM/sdk/pico/pico-sdk/src/common/pico_sync/mutex.c.obj
                0x100023ec                mutex_init
 .text.recursive_mutex_init
                0x10002406       0x1e CMakeFiles/gif_screen_driver.dir/C_/VSARM/sdk/pico/pico-sdk/src/common/pico_sync/mutex.c.obj
                0x10002406                recursive_mutex_init
 .text.critical_section_init_with_lock_num
                0x10002424       0x14 CMakeFiles/gif_screen_driver.dir/C_/VSARM/sdk/pico/pico-sdk/src/common/pico_sync/critical_section.c.obj
                0x10002424                critical_section_init_with_lock_num
 .text.critical_section_init
                0x10002438       0x14 CMakeFiles/gif_screen_driver.dir/C_/VSARM/sdk/pico/pico-sdk/src/common/pico_sync/critical_section.c.obj
                0x10002438                critical_section_init
 .text.repeating_timer_callback
                0x1000244c       0x40 CMakeFiles/gif_screen_driver.dir/C_/VSARM/sdk/pico/pico-sdk/src/common/pico_time/time.c.obj
 .text.alarm_pool_post_alloc_init
                0x1000248c       0x40 CMakeFiles/gif_screen_driver.dir/C_/VSARM/sdk/pico/pico-sdk/src/common/pico_time/time.c.obj
 .text.sleep_until_callback
                0x100024cc       0x30 CMakeFiles/gif_screen_driver.dir/C_/VSARM/sdk/pico/pico-sdk/src/common/pico_time/time.c.obj
 .text.timer_pool_entry_comparator
                0x100024fc       0x7c CMakeFiles/gif_screen_driver.dir/C_/VSARM/sdk/pico/pico-sdk/src/common/pico_time/time.c.obj
                0x100024fc                timer_pool_entry_comparator
 .text.ph_add_child_node
                0x10002578       0xa4 CMakeFiles/gif_screen_driver.dir/C_/VSARM/sdk/pico/pico-sdk/src/common/pico_time/time.c.obj
 .text.ph_merge_nodes
                0x1000261c       0x3e CMakeFiles/gif_screen_driver.dir/C_/VSARM/sdk/pico/pico-sdk/src/common/pico_time/time.c.obj
 *fill*         0x1000265a        0x2 
 .text.add_alarm_under_lock
                0x1000265c      0x174 CMakeFiles/gif_screen_driver.dir/C_/VSARM/sdk/pico/pico-sdk/src/common/pico_time/time.c.obj
 .text.alarm_pool_alarm_callback
                0x100027d0      0x33c CMakeFiles/gif_screen_driver.dir/C_/VSARM/sdk/pico/pico-sdk/src/common/pico_time/time.c.obj
 .text.alarm_pool_init_default
                0x10002b0c       0x40 CMakeFiles/gif_screen_driver.dir/C_/VSARM/sdk/pico/pico-sdk/src/common/pico_time/time.c.obj
                0x10002b0c                alarm_pool_init_default
 .text.alarm_pool_get_default
                0x10002b4c       0x2c CMakeFiles/gif_screen_driver.dir/C_/VSARM/sdk/pico/pico-sdk/src/common/pico_time/time.c.obj
                0x10002b4c                alarm_pool_get_default
 .text.alarm_pool_create_with_unused_hardware_alarm
                0x10002b78       0x44 CMakeFiles/gif_screen_driver.dir/C_/VSARM/sdk/pico/pico-sdk/src/common/pico_time/time.c.obj
                0x10002b78                alarm_pool_create_with_unused_hardware_alarm
 .text.alarm_pool_add_alarm_at
                0x10002bbc      0x168 CMakeFiles/gif_screen_driver.dir/C_/VSARM/sdk/pico/pico-sdk/src/common/pico_time/time.c.obj
                0x10002bbc                alarm_pool_add_alarm_at
 .text.alarm_pool_cancel_alarm
                0x10002d24       0xf8 CMakeFiles/gif_screen_driver.dir/C_/VSARM/sdk/pico/pico-sdk/src/common/pico_time/time.c.obj
                0x10002d24                alarm_pool_cancel_alarm
 .text.alarm_pool_core_num
                0x10002e1c        0x4 CMakeFiles/gif_screen_driver.dir/C_/VSARM/sdk/pico/pico-sdk/src/common/pico_time/time.c.obj
                0x10002e1c                alarm_pool_core_num
 .text.alarm_pool_add_repeating_timer_us
                0x10002e20       0x98 CMakeFiles/gif_screen_driver.dir/C_/VSARM/sdk/pico/pico-sdk/src/common/pico_time/time.c.obj
                0x10002e20                alarm_pool_add_repeating_timer_us
 .text.sleep_until
                0x10002eb8       0xfc CMakeFiles/gif_screen_driver.dir/C_/VSARM/sdk/pico/pico-sdk/src/common/pico_time/time.c.obj
                0x10002eb8                sleep_until
 .text.sleep_us
                0x10002fb4       0x58 CMakeFiles/gif_screen_driver.dir/C_/VSARM/sdk/pico/pico-sdk/src/common/pico_time/time.c.obj
                0x10002fb4                sleep_us
 .text.sleep_ms
                0x1000300c       0x14 CMakeFiles/gif_screen_driver.dir/C_/VSARM/sdk/pico/pico-sdk/src/common/pico_time/time.c.obj
                0x1000300c                sleep_ms
 .text.best_effort_wfe_or_timeout
                0x10003020       0xac CMakeFiles/gif_screen_driver.dir/C_/VSARM/sdk/pico/pico-sdk/src/common/pico_time/time.c.obj
                0x10003020                best_effort_wfe_or_timeout
 .text.hardware_alarm_irq_handler
                0x100030cc       0x90 CMakeFiles/gif_screen_driver.dir/C_/VSARM/sdk/pico/pico-sdk/src/rp2_common/hardware_timer/timer.c.obj
 .text.hardware_alarm_claim
                0x1000315c       0x18 CMakeFiles/gif_screen_driver.dir/C_/VSARM/sdk/pico/pico-sdk/src/rp2_common/hardware_timer/timer.c.obj
                0x1000315c                hardware_alarm_claim
 .text.hardware_alarm_claim_unused
                0x10003174       0x20 CMakeFiles/gif_screen_driver.dir/C_/VSARM/sdk/pico/pico-sdk/src/rp2_common/hardware_timer/timer.c.obj
                0x10003174                hardware_alarm_claim_unused
 .text.time_us_64
                0x10003194       0x18 CMakeFiles/gif_screen_driver.dir/C_/VSARM/sdk/pico/pico-sdk/src/rp2_common/hardware_timer/timer.c.obj
                0x10003194                time_us_64
 .text.busy_wait_until
                0x100031ac       0x28 CMakeFiles/gif_screen_driver.dir/C_/VSARM/sdk/pico/pico-sdk/src/rp2_common/hardware_timer/timer.c.obj
                0x100031ac                busy_wait_until
 .text.busy_wait_us
                0x100031d4       0x48 CMakeFiles/gif_screen_driver.dir/C_/VSARM/sdk/pico/pico-sdk/src/rp2_common/hardware_timer/timer.c.obj
                0x100031d4                busy_wait_us
 .text.hardware_alarm_set_callback
                0x1000321c       0x90 CMakeFiles/gif_screen_driver.dir/C_/VSARM/sdk/pico/pico-sdk/src/rp2_common/hardware_timer/timer.c.obj
                0x1000321c                hardware_alarm_set_callback
 .text.hardware_alarm_set_target
                0x100032ac       0xe8 CMakeFiles/gif_screen_driver.dir/C_/VSARM/sdk/pico/pico-sdk/src/rp2_common/hardware_timer/timer.c.obj
                0x100032ac                hardware_alarm_set_target
 .text.hardware_alarm_cancel
                0x10003394       0x40 CMakeFiles/gif_screen_driver.dir/C_/VSARM/sdk/pico/pico-sdk/src/rp2_common/hardware_timer/timer.c.obj
                0x10003394                hardware_alarm_cancel
 .text.ph_add_child_node
                0x100033d4       0xa4 CMakeFiles/gif_screen_driver.dir/C_/VSARM/sdk/pico/pico-sdk/src/common/pico_util/pheap.c.obj
 .text.ph_merge_nodes
                0x10003478       0x3e CMakeFiles/gif_screen_driver.dir/C_/VSARM/sdk/pico/pico-sdk/src/common/pico_util/pheap.c.obj
 *fill*         0x100034b6        0x2 
 .text.ph_clear
                0x100034b8       0x70 CMakeFiles/gif_screen_driver.dir/C_/VSARM/sdk/pico/pico-sdk/src/common/pico_util/pheap.c.obj
                0x100034b8                ph_clear
 .text.ph_post_alloc_init
                0x10003528        0xe CMakeFiles/gif_screen_driver.dir/C_/VSARM/sdk/pico/pico-sdk/src/common/pico_util/pheap.c.obj
                0x10003528                ph_post_alloc_init
 .text.ph_create
                0x10003536       0x2c CMakeFiles/gif_screen_driver.dir/C_/VSARM/sdk/pico/pico-sdk/src/common/pico_util/pheap.c.obj
                0x10003536                ph_create
 *fill*         0x10003562        0x2 
 .text.ph_merge_two_pass
                0x10003564       0xa8 CMakeFiles/gif_screen_driver.dir/C_/VSARM/sdk/pico/pico-sdk/src/common/pico_util/pheap.c.obj
                0x10003564                ph_merge_two_pass
 .text.ph_remove_any_head
                0x1000360c      0x128 CMakeFiles/gif_screen_driver.dir/C_/VSARM/sdk/pico/pico-sdk/src/common/pico_util/pheap.c.obj
 .text.ph_remove_head
                0x10003734       0x14 CMakeFiles/gif_screen_driver.dir/C_/VSARM/sdk/pico/pico-sdk/src/common/pico_util/pheap.c.obj
                0x10003734                ph_remove_head
 .text.ph_remove_and_free_node
                0x10003748       0xf8 CMakeFiles/gif_screen_driver.dir/C_/VSARM/sdk/pico/pico-sdk/src/common/pico_util/pheap.c.obj
                0x10003748                ph_remove_and_free_node
 .text.clock_configure
                0x10003840      0x108 CMakeFiles/gif_screen_driver.dir/C_/VSARM/sdk/pico/pico-sdk/src/rp2_common/hardware_clocks/clocks.c.obj
                0x10003840                clock_configure
 .text.clocks_init
                0x10003948      0x100 CMakeFiles/gif_screen_driver.dir/C_/VSARM/sdk/pico/pico-sdk/src/rp2_common/hardware_clocks/clocks.c.obj
                0x10003948                clocks_init
 .text.clock_get_hz
                0x10003a48        0xc CMakeFiles/gif_screen_driver.dir/C_/VSARM/sdk/pico/pico-sdk/src/rp2_common/hardware_clocks/clocks.c.obj
                0x10003a48                clock_get_hz
 .text.pll_init
                0x10003a54      0x120 CMakeFiles/gif_screen_driver.dir/C_/VSARM/sdk/pico/pico-sdk/src/rp2_common/hardware_pll/pll.c.obj
                0x10003a54                pll_init
 .text.watchdog_start_tick
                0x10003b74       0x10 CMakeFiles/gif_screen_driver.dir/C_/VSARM/sdk/pico/pico-sdk/src/rp2_common/hardware_watchdog/watchdog.c.obj
                0x10003b74                watchdog_start_tick
 .text.watchdog_update
                0x10003b84       0x14 CMakeFiles/gif_screen_driver.dir/C_/VSARM/sdk/pico/pico-sdk/src/rp2_common/hardware_watchdog/watchdog.c.obj
                0x10003b84                watchdog_update
 .text._watchdog_enable
                0x10003b98       0x78 CMakeFiles/gif_screen_driver.dir/C_/VSARM/sdk/pico/pico-sdk/src/rp2_common/hardware_watchdog/watchdog.c.obj
                0x10003b98                _watchdog_enable
 .text.watchdog_reboot
                0x10003c10       0x48 CMakeFiles/gif_screen_driver.dir/C_/VSARM/sdk/pico/pico-sdk/src/rp2_common/hardware_watchdog/watchdog.c.obj
                0x10003c10                watchdog_reboot
 .text.xosc_init
                0x10003c58       0x28 CMakeFiles/gif_screen_driver.dir/C_/VSARM/sdk/pico/pico-sdk/src/rp2_common/hardware_xosc/xosc.c.obj
                0x10003c58                xosc_init
 .text._exit    0x10003c80        0x4 CMakeFiles/gif_screen_driver.dir/C_/VSARM/sdk/pico/pico-sdk/src/rp2_common/pico_runtime/runtime.c.obj
                0x10003c80                _exit
 .text._sbrk    0x10003c84       0x38 CMakeFiles/gif_screen_driver.dir/C_/VSARM/sdk/pico/pico-sdk/src/rp2_common/pico_runtime/runtime.c.obj
                0x10003c84                _sbrk
 .text.exit     0x10003cbc        0x6 CMakeFiles/gif_screen_driver.dir/C_/VSARM/sdk/pico/pico-sdk/src/rp2_common/pico_runtime/runtime.c.obj
                0x10003cbc                exit
 *fill*         0x10003cc2        0x2 
 .text.__assert_func
                0x10003cc4       0x3c CMakeFiles/gif_screen_driver.dir/C_/VSARM/sdk/pico/pico-sdk/src/rp2_common/pico_runtime/runtime.c.obj
                0x10003cc4                __assert_func
 .text.runtime_init
                0x10003d00       0xf8 CMakeFiles/gif_screen_driver.dir/C_/VSARM/sdk/pico/pico-sdk/src/rp2_common/pico_runtime/runtime.c.obj
                0x10003d00                runtime_init
 .text.panic    0x10003df8       0x30 CMakeFiles/gif_screen_driver.dir/C_/VSARM/sdk/pico/pico-sdk/src/rp2_common/pico_runtime/runtime.c.obj
                0x10003df8                panic
 .text._out_buffer
                0x10003e28        0x8 CMakeFiles/gif_screen_driver.dir/C_/VSARM/sdk/pico/pico-sdk/src/rp2_common/pico_printf/printf.c.obj
 .text._out_null
                0x10003e30        0x2 CMakeFiles/gif_screen_driver.dir/C_/VSARM/sdk/pico/pico-sdk/src/rp2_common/pico_printf/printf.c.obj
 .text._out_fct
                0x10003e32        0xe CMakeFiles/gif_screen_driver.dir/C_/VSARM/sdk/pico/pico-sdk/src/rp2_common/pico_printf/printf.c.obj
 .text._atoi    0x10003e40       0x24 CMakeFiles/gif_screen_driver.dir/C_/VSARM/sdk/pico/pico-sdk/src/rp2_common/pico_printf/printf.c.obj
 .text._out_rev
                0x10003e64       0xae CMakeFiles/gif_screen_driver.dir/C_/VSARM/sdk/pico/pico-sdk/src/rp2_common/pico_printf/printf.c.obj
 .text._ntoa_format
                0x10003f12      0x112 CMakeFiles/gif_screen_driver.dir/C_/VSARM/sdk/pico/pico-sdk/src/rp2_common/pico_printf/printf.c.obj
 .text._ntoa_long
                0x10004024       0xbc CMakeFiles/gif_screen_driver.dir/C_/VSARM/sdk/pico/pico-sdk/src/rp2_common/pico_printf/printf.c.obj
 .text._ntoa_long_long
                0x100040e0       0xe2 CMakeFiles/gif_screen_driver.dir/C_/VSARM/sdk/pico/pico-sdk/src/rp2_common/pico_printf/printf.c.obj
 *fill*         0x100041c2        0x2 
 .text._etoa    0x100041c4      0x414 CMakeFiles/gif_screen_driver.dir/C_/VSARM/sdk/pico/pico-sdk/src/rp2_common/pico_printf/printf.c.obj
 .text._ftoa    0x100045d8      0x354 CMakeFiles/gif_screen_driver.dir/C_/VSARM/sdk/pico/pico-sdk/src/rp2_common/pico_printf/printf.c.obj
 .text._vsnprintf
                0x1000492c      0x624 CMakeFiles/gif_screen_driver.dir/C_/VSARM/sdk/pico/pico-sdk/src/rp2_common/pico_printf/printf.c.obj
 .text.__wrap_vsnprintf
                0x10004f50       0x1c CMakeFiles/gif_screen_driver.dir/C_/VSARM/sdk/pico/pico-sdk/src/rp2_common/pico_printf/printf.c.obj
                0x10004f50                __wrap_vsnprintf
 .text.vfctprintf
                0x10004f6c       0x20 CMakeFiles/gif_screen_driver.dir/C_/VSARM/sdk/pico/pico-sdk/src/rp2_common/pico_printf/printf.c.obj
                0x10004f6c                vfctprintf
 .text          0x10004f8c       0x10 CMakeFiles/gif_screen_driver.dir/C_/VSARM/sdk/pico/pico-sdk/src/rp2_common/pico_bit_ops/bit_ops_aeabi.S.obj
 .text.rom_func_lookup
                0x10004f9c       0x10 CMakeFiles/gif_screen_driver.dir/C_/VSARM/sdk/pico/pico-sdk/src/rp2_common/pico_bootrom/bootrom.c.obj
                0x10004f9c                rom_func_lookup
 .text.rom_data_lookup
                0x10004fac       0x10 CMakeFiles/gif_screen_driver.dir/C_/VSARM/sdk/pico/pico-sdk/src/rp2_common/pico_bootrom/bootrom.c.obj
                0x10004fac                rom_data_lookup
 .text.rom_funcs_lookup
                0x10004fbc       0x36 CMakeFiles/gif_screen_driver.dir/C_/VSARM/sdk/pico/pico-sdk/src/rp2_common/pico_bootrom/bootrom.c.obj
                0x10004fbc                rom_funcs_lookup
 *fill*         0x10004ff2        0x2 
 .text.__wrap___aeabi_idiv
                0x10004ff4       0x50 CMakeFiles/gif_screen_driver.dir/C_/VSARM/sdk/pico/pico-sdk/src/rp2_common/pico_divider/divider.S.obj
                0x10004ff4                __wrap___aeabi_idivmod
                0x10004ff4                divmod_s32s32
                0x10004ff4                div_s32s32
                0x10004ff4                __wrap___aeabi_idiv
                0x10004ffc                divmod_s32s32_unsafe
                0x10005028                divmod_s32s32_savestate
 .text.__wrap___aeabi_uidiv
                0x10005044       0x4c CMakeFiles/gif_screen_driver.dir/C_/VSARM/sdk/pico/pico-sdk/src/rp2_common/pico_divider/divider.S.obj
                0x10005044                __wrap___aeabi_uidiv
                0x10005044                __wrap___aeabi_uidivmod
                0x10005044                div_u32u32
                0x10005044                divmod_u32u32
                0x1000504c                divmod_u32u32_unsafe
                0x10005074                divmod_u32u32_savestate
 .text.__wrap___aeabi_ldiv
                0x10005090      0x424 CMakeFiles/gif_screen_driver.dir/C_/VSARM/sdk/pico/pico-sdk/src/rp2_common/pico_divider/divider.S.obj
                0x10005090                div_s64s64
                0x10005090                divmod_s64s64
                0x10005090                __wrap___aeabi_ldivmod
                0x100050c0                divmod_u64u64
                0x100050c0                div_u64u64
                0x100050c0                __wrap___aeabi_uldivmod
                0x100050d0                divmod_u64u64_savestate
                0x100050f0                divmod_s64s64_unsafe
                0x10005178                divmod_u64u64_unsafe
 .text.__wrap___aeabi_darithmetic
                0x100054b4       0x80 CMakeFiles/gif_screen_driver.dir/C_/VSARM/sdk/pico/pico-sdk/src/rp2_common/pico_double/double_aeabi.S.obj
                0x100054b4                __wrap___aeabi_drsub
                0x100054ba                __wrap___aeabi_dsub
                0x100054cc                __wrap___aeabi_dadd
                0x100054de                __wrap___aeabi_ddiv
                0x1000551a                __wrap___aeabi_dmul
 .text.__wrap___aeabi_cdcmple
                0x10005534       0x6c CMakeFiles/gif_screen_driver.dir/C_/VSARM/sdk/pico/pico-sdk/src/rp2_common/pico_double/double_aeabi.S.obj
                0x10005534                __wrap___aeabi_cdrcmple
                0x10005544                __wrap___aeabi_cdcmpeq
                0x10005544                __wrap___aeabi_cdcmple
 .text.__wrap___aeabi_dcmpeq
                0x100055a0       0x10 CMakeFiles/gif_screen_driver.dir/C_/VSARM/sdk/pico/pico-sdk/src/rp2_common/pico_double/double_aeabi.S.obj
                0x100055a0                __wrap___aeabi_dcmpeq
 .text.__wrap___aeabi_dcmplt
                0x100055b0        0xc CMakeFiles/gif_screen_driver.dir/C_/VSARM/sdk/pico/pico-sdk/src/rp2_common/pico_double/double_aeabi.S.obj
                0x100055b0                __wrap___aeabi_dcmplt
 .text.__wrap___aeabi_dcmple
                0x100055bc       0x10 CMakeFiles/gif_screen_driver.dir/C_/VSARM/sdk/pico/pico-sdk/src/rp2_common/pico_double/double_aeabi.S.obj
                0x100055bc                __wrap___aeabi_dcmple
 .text.__wrap___aeabi_dcmpge
                0x100055cc       0x10 CMakeFiles/gif_screen_driver.dir/C_/VSARM/sdk/pico/pico-sdk/src/rp2_common/pico_double/double_aeabi.S.obj
                0x100055cc                __wrap___aeabi_dcmpge
 .text.__wrap___aeabi_dcmpgt
                0x100055dc        0xa CMakeFiles/gif_screen_driver.dir/C_/VSARM/sdk/pico/pico-sdk/src/rp2_common/pico_double/double_aeabi.S.obj
                0x100055dc                __wrap___aeabi_dcmpgt
 .text.__wrap___aeabi_dcmpun
                0x100055e6       0x1c CMakeFiles/gif_screen_driver.dir/C_/VSARM/sdk/pico/pico-sdk/src/rp2_common/pico_double/double_aeabi.S.obj
                0x100055e6                __wrap___aeabi_dcmpun
 *fill*         0x10005602        0x2 
 .text.__wrap___aeabi_i2d
                0x10005604       0x38 CMakeFiles/gif_screen_driver.dir/C_/VSARM/sdk/pico/pico-sdk/src/rp2_common/pico_double/double_aeabi.S.obj
                0x10005604                __wrap___aeabi_ui2d
                0x1000560c                __wrap___aeabi_i2d
 .text.__wrap___aeabi_d2iz
                0x1000563c       0x48 CMakeFiles/gif_screen_driver.dir/C_/VSARM/sdk/pico/pico-sdk/src/rp2_common/pico_double/double_aeabi.S.obj
                0x1000563c                double2int_z
                0x1000563c                __wrap___aeabi_d2iz
 .text.__wrap___aeabi_d2uiz
                0x10005684       0x18 CMakeFiles/gif_screen_driver.dir/C_/VSARM/sdk/pico/pico-sdk/src/rp2_common/pico_double/double_aeabi.S.obj
                0x10005684                __wrap___aeabi_d2uiz
                0x10005684                double2uint
 .text.__wrap_exp
                0x1000569c       0x18 CMakeFiles/gif_screen_driver.dir/C_/VSARM/sdk/pico/pico-sdk/src/rp2_common/pico_double/double_aeabi.S.obj
                0x1000569c                __wrap_exp
 .text.__wrap_log
                0x100056b4       0x18 CMakeFiles/gif_screen_driver.dir/C_/VSARM/sdk/pico/pico-sdk/src/rp2_common/pico_double/double_aeabi.S.obj
                0x100056b4                __wrap_log
 .text.__aeabi_double_init
                0x100056cc       0xc8 CMakeFiles/gif_screen_driver.dir/C_/VSARM/sdk/pico/pico-sdk/src/rp2_common/pico_double/double_init_rom.c.obj
                0x100056cc                __aeabi_double_init
 .text.dpow_int2
                0x10005794       0x2c CMakeFiles/gif_screen_driver.dir/C_/VSARM/sdk/pico/pico-sdk/src/rp2_common/pico_double/double_math.c.obj
 .text.dpow_1   0x100057c0      0x2a8 CMakeFiles/gif_screen_driver.dir/C_/VSARM/sdk/pico/pico-sdk/src/rp2_common/pico_double/double_math.c.obj
 .text.dpow_0   0x10005a68      0x1a0 CMakeFiles/gif_screen_driver.dir/C_/VSARM/sdk/pico/pico-sdk/src/rp2_common/pico_double/double_math.c.obj
 .text.__wrap_ldexp
                0x10005c08       0x50 CMakeFiles/gif_screen_driver.dir/C_/VSARM/sdk/pico/pico-sdk/src/rp2_common/pico_double/double_math.c.obj
                0x10005c08                __wrap_ldexp
 .text.__wrap_round
                0x10005c58       0x9c CMakeFiles/gif_screen_driver.dir/C_/VSARM/sdk/pico/pico-sdk/src/rp2_common/pico_double/double_math.c.obj
                0x10005c58                __wrap_round
 .text.__wrap_exp2
                0x10005cf4       0xcc CMakeFiles/gif_screen_driver.dir/C_/VSARM/sdk/pico/pico-sdk/src/rp2_common/pico_double/double_math.c.obj
                0x10005cf4                __wrap_exp2
 .text.__wrap_pow
                0x10005dc0      0x37c CMakeFiles/gif_screen_driver.dir/C_/VSARM/sdk/pico/pico-sdk/src/rp2_common/pico_double/double_math.c.obj
                0x10005dc0                __wrap_pow
 .text.double_table_shim_on_use_helper
                0x1000613c       0x34 CMakeFiles/gif_screen_driver.dir/C_/VSARM/sdk/pico/pico-sdk/src/rp2_common/pico_double/double_v1_rom_shim.S.obj
                0x1000613c                double_table_shim_on_use_helper
 .text.__wrap___aeabi_dsub
                0x10006170       0x10 CMakeFiles/gif_screen_driver.dir/C_/VSARM/sdk/pico/pico-sdk/src/rp2_common/pico_double/double_v1_rom_shim.S.obj
                0x10006170                drsub_shim
                0x10006176                dsub_shim
 .text.dadd_shim
                0x10006180      0x15c CMakeFiles/gif_screen_driver.dir/C_/VSARM/sdk/pico/pico-sdk/src/rp2_common/pico_double/double_v1_rom_shim.S.obj
                0x10006180                dadd_shim
 .text.dmul_shim
                0x100062dc      0x15c CMakeFiles/gif_screen_driver.dir/C_/VSARM/sdk/pico/pico-sdk/src/rp2_common/pico_double/double_v1_rom_shim.S.obj
                0x100062dc                dmul_shim
 .text.ddiv_shim
                0x10006438      0x1b0 CMakeFiles/gif_screen_driver.dir/C_/VSARM/sdk/pico/pico-sdk/src/rp2_common/pico_double/double_v1_rom_shim.S.obj
                0x10006438                ddiv_shim
 .text.double2uint_shim
                0x100065e8        0xe CMakeFiles/gif_screen_driver.dir/C_/VSARM/sdk/pico/pico-sdk/src/rp2_common/pico_double/double_v1_rom_shim.S.obj
                0x100065e8                double2uint_shim
                0x100065ea                double2ufix_shim
 *fill*         0x100065f6        0x2 
 .text.double2uint64_shim
                0x100065f8       0x70 CMakeFiles/gif_screen_driver.dir/C_/VSARM/sdk/pico/pico-sdk/src/rp2_common/pico_double/double_v1_rom_shim.S.obj
                0x100065f8                double2uint64_shim
                0x100065fa                double2ufix64_shim
                0x1000661a                d2fix_a
 .text.x2double_shims
                0x10006668       0x90 CMakeFiles/gif_screen_driver.dir/C_/VSARM/sdk/pico/pico-sdk/src/rp2_common/pico_double/double_v1_rom_shim.S.obj
                0x10006668                uint2double_shim
                0x1000666a                ufix2double_shim
                0x10006670                int2double_shim
                0x10006672                fix2double_shim
                0x10006678                uint642double_shim
                0x1000667a                ufix642double_shim
                0x10006680                int642double_shim
                0x10006682                fix642double_shim
 .text.dunpacks
                0x100066f8       0x3c CMakeFiles/gif_screen_driver.dir/C_/VSARM/sdk/pico/pico-sdk/src/rp2_common/pico_double/double_v1_rom_shim.S.obj
                0x100066f8                dunpacks
 .text.dreduce  0x10006734       0x82 CMakeFiles/gif_screen_driver.dir/C_/VSARM/sdk/pico/pico-sdk/src/rp2_common/pico_double/double_v1_rom_shim.S.obj
                0x10006734                dreduce
 *fill*         0x100067b6        0x2 
 .text.dexp_guts
                0x100067b8      0x268 CMakeFiles/gif_screen_driver.dir/C_/VSARM/sdk/pico/pico-sdk/src/rp2_common/pico_double/double_v1_rom_shim.S.obj
                0x100067b8                dexp_shim
                0x10006854                dln_shim
 .text.__aeabi_lmul
                0x10006a20       0x32 CMakeFiles/gif_screen_driver.dir/C_/VSARM/sdk/pico/pico-sdk/src/rp2_common/pico_int64_ops/pico_int64_ops_aeabi.S.obj
                0x10006a20                __wrap___aeabi_lmul
 *fill*         0x10006a52        0x2 
 .text.__wrap___aeabi_farithmetic
                0x10006a54       0x58 CMakeFiles/gif_screen_driver.dir/C_/VSARM/sdk/pico/pico-sdk/src/rp2_common/pico_float/float_aeabi.S.obj
                0x10006a54                __wrap___aeabi_frsub
                0x10006a5a                __wrap___aeabi_fsub
                0x10006a64                __wrap___aeabi_fadd
                0x10006a6e                __wrap___aeabi_fdiv
                0x10006a9a                __wrap___aeabi_fmul
 .text.__wrap___aeabi_ui2f
                0x10006aac        0xa CMakeFiles/gif_screen_driver.dir/C_/VSARM/sdk/pico/pico-sdk/src/rp2_common/pico_float/float_aeabi.S.obj
                0x10006aac                __wrap___aeabi_ui2f
 *fill*         0x10006ab6        0x2 
 .text.__wrap___aeabi_i2f
                0x10006ab8       0x44 CMakeFiles/gif_screen_driver.dir/C_/VSARM/sdk/pico/pico-sdk/src/rp2_common/pico_float/float_aeabi.S.obj
                0x10006ab8                __wrap___aeabi_i2f
 .text.__wrap___aeabi_f2d
                0x10006afc       0x14 CMakeFiles/gif_screen_driver.dir/C_/VSARM/sdk/pico/pico-sdk/src/rp2_common/pico_float/float_aeabi.S.obj
                0x10006afc                __wrap___aeabi_f2d
 .text.__aeabi_float_init
                0x10006b10       0xfc CMakeFiles/gif_screen_driver.dir/C_/VSARM/sdk/pico/pico-sdk/src/rp2_common/pico_float/float_init_rom.c.obj
                0x10006b10                __aeabi_float_init
 .text.float_table_shim_on_use_helper
                0x10006c0c       0x34 CMakeFiles/gif_screen_driver.dir/C_/VSARM/sdk/pico/pico-sdk/src/rp2_common/pico_float/float_v1_rom_shim.S.obj
                0x10006c0c                float_table_shim_on_use_helper
 .text.float2double_shim
                0x10006c40       0x30 CMakeFiles/gif_screen_driver.dir/C_/VSARM/sdk/pico/pico-sdk/src/rp2_common/pico_float/float_v1_rom_shim.S.obj
                0x10006c40                float2double_shim
 .text.__wrap_malloc
                0x10006c70       0x3c CMakeFiles/gif_screen_driver.dir/C_/VSARM/sdk/pico/pico-sdk/src/rp2_common/pico_malloc/pico_malloc.c.obj
                0x10006c70                __wrap_malloc
 .text.__wrap_calloc
                0x10006cac       0x40 CMakeFiles/gif_screen_driver.dir/C_/VSARM/sdk/pico/pico-sdk/src/rp2_common/pico_malloc/pico_malloc.c.obj
                0x10006cac                __wrap_calloc
 .text.__wrap_realloc
                0x10006cec       0x40 CMakeFiles/gif_screen_driver.dir/C_/VSARM/sdk/pico/pico-sdk/src/rp2_common/pico_malloc/pico_malloc.c.obj
                0x10006cec                __wrap_realloc
 .text.__wrap_free
                0x10006d2c       0x20 CMakeFiles/gif_screen_driver.dir/C_/VSARM/sdk/pico/pico-sdk/src/rp2_common/pico_malloc/pico_malloc.c.obj
                0x10006d2c                __wrap_free
 .text          0x10006d4c       0x10 CMakeFiles/gif_screen_driver.dir/C_/VSARM/sdk/pico/pico-sdk/src/rp2_common/pico_mem_ops/mem_ops_aeabi.S.obj
                0x10006d4c                __aeabi_mem_init
 .text.memset   0x10006d5c        0xc CMakeFiles/gif_screen_driver.dir/C_/VSARM/sdk/pico/pico-sdk/src/rp2_common/pico_mem_ops/mem_ops_aeabi.S.obj
                0x10006d5c                __wrap_memset
 .text.memcpy   0x10006d68        0xc CMakeFiles/gif_screen_driver.dir/C_/VSARM/sdk/pico/pico-sdk/src/rp2_common/pico_mem_ops/mem_ops_aeabi.S.obj
                0x10006d68                __wrap_memcpy
                0x10006d68                __wrap___aeabi_memcpy
 .text.stdio_out_chars_no_crlf
                0x10006d74        0xe CMakeFiles/gif_screen_driver.dir/C_/VSARM/sdk/pico/pico-sdk/src/rp2_common/pico_stdio/stdio.c.obj
 *fill*         0x10006d82        0x2 
 .text.stdio_out_chars_crlf
                0x10006d84       0x80 CMakeFiles/gif_screen_driver.dir/C_/VSARM/sdk/pico/pico-sdk/src/rp2_common/pico_stdio/stdio.c.obj
 .text.stdio_stack_buffer_flush
                0x10006e04       0x44 CMakeFiles/gif_screen_driver.dir/C_/VSARM/sdk/pico/pico-sdk/src/rp2_common/pico_stdio/stdio.c.obj
 .text.stdio_buffered_printer
                0x10006e48       0x20 CMakeFiles/gif_screen_driver.dir/C_/VSARM/sdk/pico/pico-sdk/src/rp2_common/pico_stdio/stdio.c.obj
 .text.stdio_get_until
                0x10006e68       0x80 CMakeFiles/gif_screen_driver.dir/C_/VSARM/sdk/pico/pico-sdk/src/rp2_common/pico_stdio/stdio.c.obj
 .text.stdout_serialize_begin
                0x10006ee8       0x5c CMakeFiles/gif_screen_driver.dir/C_/VSARM/sdk/pico/pico-sdk/src/rp2_common/pico_stdio/stdio.c.obj
                0x10006ee8                stdout_serialize_begin
 .text.stdout_serialize_end
                0x10006f44       0x10 CMakeFiles/gif_screen_driver.dir/C_/VSARM/sdk/pico/pico-sdk/src/rp2_common/pico_stdio/stdio.c.obj
                0x10006f44                stdout_serialize_end
 .text.stdio_put_string
                0x10006f54       0x98 CMakeFiles/gif_screen_driver.dir/C_/VSARM/sdk/pico/pico-sdk/src/rp2_common/pico_stdio/stdio.c.obj
 .text._read    0x10006fec       0x24 CMakeFiles/gif_screen_driver.dir/C_/VSARM/sdk/pico/pico-sdk/src/rp2_common/pico_stdio/stdio.c.obj
                0x10006fec                _read
 .text._write   0x10007010       0x22 CMakeFiles/gif_screen_driver.dir/C_/VSARM/sdk/pico/pico-sdk/src/rp2_common/pico_stdio/stdio.c.obj
                0x10007010                _write
 .text._close   0x10007032        0x6 CMakeFiles/gif_screen_driver.dir/C_/VSARM/sdk/pico/pico-sdk/src/rp2_common/pico_stdio/stdio.c.obj
                0x10007032                _close
 .text._lseek   0x10007038        0x6 CMakeFiles/gif_screen_driver.dir/C_/VSARM/sdk/pico/pico-sdk/src/rp2_common/pico_stdio/stdio.c.obj
                0x10007038                _lseek
 *fill*         0x1000703e        0x2 
 .text.stdio_set_driver_enabled
                0x10007040       0x2c CMakeFiles/gif_screen_driver.dir/C_/VSARM/sdk/pico/pico-sdk/src/rp2_common/pico_stdio/stdio.c.obj
                0x10007040                stdio_set_driver_enabled
 .text.stdio_flush
                0x1000706c       0x20 CMakeFiles/gif_screen_driver.dir/C_/VSARM/sdk/pico/pico-sdk/src/rp2_common/pico_stdio/stdio.c.obj
                0x1000706c                stdio_flush
 .text.__wrap_puts
                0x1000708c       0x1e CMakeFiles/gif_screen_driver.dir/C_/VSARM/sdk/pico/pico-sdk/src/rp2_common/pico_stdio/stdio.c.obj
                0x1000708c                __wrap_puts
 *fill*         0x100070aa        0x2 
 .text.__wrap_vprintf
                0x100070ac       0x40 CMakeFiles/gif_screen_driver.dir/C_/VSARM/sdk/pico/pico-sdk/src/rp2_common/pico_stdio/stdio.c.obj
                0x100070ac                __wrap_vprintf
 .text.__wrap_printf
                0x100070ec       0x18 CMakeFiles/gif_screen_driver.dir/C_/VSARM/sdk/pico/pico-sdk/src/rp2_common/pico_stdio/stdio.c.obj
                0x100070ec                __wrap_printf
 .text.stdio_init_all
                0x10007104        0x8 CMakeFiles/gif_screen_driver.dir/C_/VSARM/sdk/pico/pico-sdk/src/rp2_common/pico_stdio/stdio.c.obj
                0x10007104                stdio_init_all
 .text.resetd_init
                0x1000710c        0x2 CMakeFiles/gif_screen_driver.dir/C_/VSARM/sdk/pico/pico-sdk/src/rp2_common/pico_stdio_usb/reset_interface.c.obj
 *fill*         0x1000710e        0x2 
 .text.resetd_reset
                0x10007110        0xc CMakeFiles/gif_screen_driver.dir/C_/VSARM/sdk/pico/pico-sdk/src/rp2_common/pico_stdio_usb/reset_interface.c.obj
 .text.resetd_open
                0x1000711c       0x34 CMakeFiles/gif_screen_driver.dir/C_/VSARM/sdk/pico/pico-sdk/src/rp2_common/pico_stdio_usb/reset_interface.c.obj
 .text.resetd_xfer_cb
                0x10007150        0x4 CMakeFiles/gif_screen_driver.dir/C_/VSARM/sdk/pico/pico-sdk/src/rp2_common/pico_stdio_usb/reset_interface.c.obj
 .text.reset_usb_boot
                0x10007154       0x18 CMakeFiles/gif_screen_driver.dir/C_/VSARM/sdk/pico/pico-sdk/src/rp2_common/pico_stdio_usb/reset_interface.c.obj
 .text.resetd_control_xfer_cb
                0x1000716c       0x5c CMakeFiles/gif_screen_driver.dir/C_/VSARM/sdk/pico/pico-sdk/src/rp2_common/pico_stdio_usb/reset_interface.c.obj
 .text.usbd_app_driver_get_cb
                0x100071c8        0xc CMakeFiles/gif_screen_driver.dir/C_/VSARM/sdk/pico/pico-sdk/src/rp2_common/pico_stdio_usb/reset_interface.c.obj
                0x100071c8                usbd_app_driver_get_cb
 .text.tud_cdc_line_coding_cb
                0x100071d4       0x28 CMakeFiles/gif_screen_driver.dir/C_/VSARM/sdk/pico/pico-sdk/src/rp2_common/pico_stdio_usb/reset_interface.c.obj
                0x100071d4                tud_cdc_line_coding_cb
 .text.stdio_usb_set_chars_available_callback
                0x100071fc       0x14 CMakeFiles/gif_screen_driver.dir/C_/VSARM/sdk/pico/pico-sdk/src/rp2_common/pico_stdio_usb/stdio_usb.c.obj
                0x100071fc                stdio_usb_set_chars_available_callback
 .text.usb_irq  0x10007210       0x10 CMakeFiles/gif_screen_driver.dir/C_/VSARM/sdk/pico/pico-sdk/src/rp2_common/pico_stdio_usb/stdio_usb.c.obj
 .text.timer_task
                0x10007220       0x5c CMakeFiles/gif_screen_driver.dir/C_/VSARM/sdk/pico/pico-sdk/src/rp2_common/pico_stdio_usb/stdio_usb.c.obj
 .text.low_priority_worker_irq
                0x1000727c       0xdc CMakeFiles/gif_screen_driver.dir/C_/VSARM/sdk/pico/pico-sdk/src/rp2_common/pico_stdio_usb/stdio_usb.c.obj
 .text.tud_cdc_rx_cb
                0x10007358       0x20 CMakeFiles/gif_screen_driver.dir/C_/VSARM/sdk/pico/pico-sdk/src/rp2_common/pico_stdio_usb/stdio_usb.c.obj
                0x10007358                tud_cdc_rx_cb
 .text.stdio_usb_init
                0x10007378      0x11c CMakeFiles/gif_screen_driver.dir/C_/VSARM/sdk/pico/pico-sdk/src/rp2_common/pico_stdio_usb/stdio_usb.c.obj
                0x10007378                stdio_usb_init
 .text.stdio_usb_connected
                0x10007494        0xa CMakeFiles/gif_screen_driver.dir/C_/VSARM/sdk/pico/pico-sdk/src/rp2_common/pico_stdio_usb/stdio_usb.c.obj
                0x10007494                stdio_usb_connected
 *fill*         0x1000749e        0x2 
 .text.stdio_usb_in_chars
                0x100074a0       0xc4 CMakeFiles/gif_screen_driver.dir/C_/VSARM/sdk/pico/pico-sdk/src/rp2_common/pico_stdio_usb/stdio_usb.c.obj
                0x100074a0                stdio_usb_in_chars
 .text.stdio_usb_out_chars
                0x10007564      0x114 CMakeFiles/gif_screen_driver.dir/C_/VSARM/sdk/pico/pico-sdk/src/rp2_common/pico_stdio_usb/stdio_usb.c.obj
 .text.tud_descriptor_device_cb
                0x10007678        0x8 CMakeFiles/gif_screen_driver.dir/C_/VSARM/sdk/pico/pico-sdk/src/rp2_common/pico_stdio_usb/stdio_usb_descriptors.c.obj
                0x10007678                tud_descriptor_device_cb
 .text.tud_descriptor_configuration_cb
                0x10007680        0x8 CMakeFiles/gif_screen_driver.dir/C_/VSARM/sdk/pico/pico-sdk/src/rp2_common/pico_stdio_usb/stdio_usb_descriptors.c.obj
                0x10007680                tud_descriptor_configuration_cb
 .text.tud_descriptor_string_cb
                0x10007688       0x6c CMakeFiles/gif_screen_driver.dir/C_/VSARM/sdk/pico/pico-sdk/src/rp2_common/pico_stdio_usb/stdio_usb_descriptors.c.obj
                0x10007688                tud_descriptor_string_cb
 .text._retrieve_unique_id_on_boot
                0x100076f4       0x10 CMakeFiles/gif_screen_driver.dir/C_/VSARM/sdk/pico/pico-sdk/src/rp2_common/pico_unique_id/unique_id.c.obj
 .text.pico_get_unique_board_id_string
                0x10007704       0x60 CMakeFiles/gif_screen_driver.dir/C_/VSARM/sdk/pico/pico-sdk/src/rp2_common/pico_unique_id/unique_id.c.obj
                0x10007704                pico_get_unique_board_id_string
 .text.flash_get_unique_id
                0x10007764       0x46 CMakeFiles/gif_screen_driver.dir/C_/VSARM/sdk/pico/pico-sdk/src/rp2_common/hardware_flash/flash.c.obj
                0x10007764                flash_get_unique_id
 *fill*         0x100077aa        0x2 
 .text.hw_endpoint_get_by_addr
                0x100077ac       0x18 CMakeFiles/gif_screen_driver.dir/C_/VSARM/sdk/pico/pico-sdk/lib/tinyusb/src/portable/raspberrypi/rp2040/dcd_rp2040.c.obj
 .text._hw_endpoint_alloc
                0x100077c4       0x70 CMakeFiles/gif_screen_driver.dir/C_/VSARM/sdk/pico/pico-sdk/lib/tinyusb/src/portable/raspberrypi/rp2040/dcd_rp2040.c.obj
 .text.hw_endpoint_init
                0x10007834       0x88 CMakeFiles/gif_screen_driver.dir/C_/VSARM/sdk/pico/pico-sdk/lib/tinyusb/src/portable/raspberrypi/rp2040/dcd_rp2040.c.obj
 .text.hw_endpoint_xfer
                0x100078bc       0x14 CMakeFiles/gif_screen_driver.dir/C_/VSARM/sdk/pico/pico-sdk/lib/tinyusb/src/portable/raspberrypi/rp2040/dcd_rp2040.c.obj
 .text.dcd_int_enable
                0x100078d0       0x2c CMakeFiles/gif_screen_driver.dir/C_/VSARM/sdk/pico/pico-sdk/lib/tinyusb/src/portable/raspberrypi/rp2040/dcd_rp2040.c.obj
                0x100078d0                dcd_int_enable
 .text.dcd_set_address
                0x100078fc       0x2c CMakeFiles/gif_screen_driver.dir/C_/VSARM/sdk/pico/pico-sdk/lib/tinyusb/src/portable/raspberrypi/rp2040/dcd_rp2040.c.obj
                0x100078fc                dcd_set_address
 .text.dcd_connect
                0x10007928       0x10 CMakeFiles/gif_screen_driver.dir/C_/VSARM/sdk/pico/pico-sdk/lib/tinyusb/src/portable/raspberrypi/rp2040/dcd_rp2040.c.obj
                0x10007928                dcd_connect
 .text.dcd_init
                0x10007938       0x80 CMakeFiles/gif_screen_driver.dir/C_/VSARM/sdk/pico/pico-sdk/lib/tinyusb/src/portable/raspberrypi/rp2040/dcd_rp2040.c.obj
                0x10007938                dcd_init
 .text.dcd_edpt0_status_complete
                0x100079b8       0x1c CMakeFiles/gif_screen_driver.dir/C_/VSARM/sdk/pico/pico-sdk/lib/tinyusb/src/portable/raspberrypi/rp2040/dcd_rp2040.c.obj
                0x100079b8                dcd_edpt0_status_complete
 .text.dcd_edpt_open
                0x100079d4       0x40 CMakeFiles/gif_screen_driver.dir/C_/VSARM/sdk/pico/pico-sdk/lib/tinyusb/src/portable/raspberrypi/rp2040/dcd_rp2040.c.obj
                0x100079d4                dcd_edpt_open
 .text.dcd_edpt_close_all
                0x10007a14        0x8 CMakeFiles/gif_screen_driver.dir/C_/VSARM/sdk/pico/pico-sdk/lib/tinyusb/src/portable/raspberrypi/rp2040/dcd_rp2040.c.obj
                0x10007a14                dcd_edpt_close_all
 .text.dcd_edpt_xfer
                0x10007a1c       0x34 CMakeFiles/gif_screen_driver.dir/C_/VSARM/sdk/pico/pico-sdk/lib/tinyusb/src/portable/raspberrypi/rp2040/dcd_rp2040.c.obj
                0x10007a1c                dcd_edpt_xfer
 .text.dcd_edpt_stall
                0x10007a50       0x2c CMakeFiles/gif_screen_driver.dir/C_/VSARM/sdk/pico/pico-sdk/lib/tinyusb/src/portable/raspberrypi/rp2040/dcd_rp2040.c.obj
                0x10007a50                dcd_edpt_stall
 .text.dcd_edpt_clear_stall
                0x10007a7c       0x20 CMakeFiles/gif_screen_driver.dir/C_/VSARM/sdk/pico/pico-sdk/lib/tinyusb/src/portable/raspberrypi/rp2040/dcd_rp2040.c.obj
                0x10007a7c                dcd_edpt_clear_stall
 .text.rp2040_usb_init
                0x10007a9c       0x4c CMakeFiles/gif_screen_driver.dir/C_/VSARM/sdk/pico/pico-sdk/lib/tinyusb/src/portable/raspberrypi/rp2040/rp2040_usb.c.obj
                0x10007a9c                rp2040_usb_init
 .text.hw_endpoint_xfer_start
                0x10007ae8       0x50 CMakeFiles/gif_screen_driver.dir/C_/VSARM/sdk/pico/pico-sdk/lib/tinyusb/src/portable/raspberrypi/rp2040/rp2040_usb.c.obj
                0x10007ae8                hw_endpoint_xfer_start
 .text.configuration_reset
                0x10007b38       0x84 CMakeFiles/gif_screen_driver.dir/C_/VSARM/sdk/pico/pico-sdk/lib/tinyusb/src/device/usbd.c.obj
 .text.usbd_reset
                0x10007bbc        0xc CMakeFiles/gif_screen_driver.dir/C_/VSARM/sdk/pico/pico-sdk/lib/tinyusb/src/device/usbd.c.obj
 .text.invoke_class_control
                0x10007bc8       0x1a CMakeFiles/gif_screen_driver.dir/C_/VSARM/sdk/pico/pico-sdk/lib/tinyusb/src/device/usbd.c.obj
 *fill*         0x10007be2        0x2 
 .text.process_set_config
                0x10007be4      0x178 CMakeFiles/gif_screen_driver.dir/C_/VSARM/sdk/pico/pico-sdk/lib/tinyusb/src/device/usbd.c.obj
 .text.process_get_descriptor
                0x10007d5c       0xdc CMakeFiles/gif_screen_driver.dir/C_/VSARM/sdk/pico/pico-sdk/lib/tinyusb/src/device/usbd.c.obj
 .text.tud_mounted
                0x10007e38       0x10 CMakeFiles/gif_screen_driver.dir/C_/VSARM/sdk/pico/pico-sdk/lib/tinyusb/src/device/usbd.c.obj
                0x10007e38                tud_mounted
 .text.tud_suspended
                0x10007e48       0x10 CMakeFiles/gif_screen_driver.dir/C_/VSARM/sdk/pico/pico-sdk/lib/tinyusb/src/device/usbd.c.obj
                0x10007e48                tud_suspended
 .text.tud_inited
                0x10007e58       0x14 CMakeFiles/gif_screen_driver.dir/C_/VSARM/sdk/pico/pico-sdk/lib/tinyusb/src/device/usbd.c.obj
                0x10007e58                tud_inited
 .text.tud_init
                0x10007e6c       0xcc CMakeFiles/gif_screen_driver.dir/C_/VSARM/sdk/pico/pico-sdk/lib/tinyusb/src/device/usbd.c.obj
                0x10007e6c                tud_init
 .text.usbd_defer_func
                0x10007f38       0x2a CMakeFiles/gif_screen_driver.dir/C_/VSARM/sdk/pico/pico-sdk/lib/tinyusb/src/device/usbd.c.obj
                0x10007f38                usbd_defer_func
 *fill*         0x10007f62        0x2 
 .text.usbd_edpt_open
                0x10007f64       0x34 CMakeFiles/gif_screen_driver.dir/C_/VSARM/sdk/pico/pico-sdk/lib/tinyusb/src/device/usbd.c.obj
                0x10007f64                usbd_edpt_open
 .text.usbd_open_edpt_pair
                0x10007f98       0x62 CMakeFiles/gif_screen_driver.dir/C_/VSARM/sdk/pico/pico-sdk/lib/tinyusb/src/device/usbd.c.obj
                0x10007f98                usbd_open_edpt_pair
 *fill*         0x10007ffa        0x2 
 .text.usbd_edpt_claim
                0x10007ffc       0x28 CMakeFiles/gif_screen_driver.dir/C_/VSARM/sdk/pico/pico-sdk/lib/tinyusb/src/device/usbd.c.obj
                0x10007ffc                usbd_edpt_claim
 .text.usbd_edpt_release
                0x10008024       0x28 CMakeFiles/gif_screen_driver.dir/C_/VSARM/sdk/pico/pico-sdk/lib/tinyusb/src/device/usbd.c.obj
                0x10008024                usbd_edpt_release
 .text.usbd_edpt_xfer
                0x1000804c       0x78 CMakeFiles/gif_screen_driver.dir/C_/VSARM/sdk/pico/pico-sdk/lib/tinyusb/src/device/usbd.c.obj
                0x1000804c                usbd_edpt_xfer
 .text.usbd_edpt_stall
                0x100080c4       0x48 CMakeFiles/gif_screen_driver.dir/C_/VSARM/sdk/pico/pico-sdk/lib/tinyusb/src/device/usbd.c.obj
                0x100080c4                usbd_edpt_stall
 .text.usbd_edpt_clear_stall
                0x1000810c       0x48 CMakeFiles/gif_screen_driver.dir/C_/VSARM/sdk/pico/pico-sdk/lib/tinyusb/src/device/usbd.c.obj
                0x1000810c                usbd_edpt_clear_stall
 .text.usbd_edpt_stalled
                0x10008154       0x1c CMakeFiles/gif_screen_driver.dir/C_/VSARM/sdk/pico/pico-sdk/lib/tinyusb/src/device/usbd.c.obj
                0x10008154                usbd_edpt_stalled
 .text.process_control_request
                0x10008170      0x37c CMakeFiles/gif_screen_driver.dir/C_/VSARM/sdk/pico/pico-sdk/lib/tinyusb/src/device/usbd.c.obj
 .text.tud_task_ext
                0x100084ec      0x1b8 CMakeFiles/gif_screen_driver.dir/C_/VSARM/sdk/pico/pico-sdk/lib/tinyusb/src/device/usbd.c.obj
                0x100084ec                tud_task_ext
 .text._data_stage_xact
                0x100086a4       0x58 CMakeFiles/gif_screen_driver.dir/C_/VSARM/sdk/pico/pico-sdk/lib/tinyusb/src/device/usbd_control.c.obj
 .text.tud_control_status
                0x100086fc       0x38 CMakeFiles/gif_screen_driver.dir/C_/VSARM/sdk/pico/pico-sdk/lib/tinyusb/src/device/usbd_control.c.obj
                0x100086fc                tud_control_status
 .text.tud_control_xfer
                0x10008734       0x74 CMakeFiles/gif_screen_driver.dir/C_/VSARM/sdk/pico/pico-sdk/lib/tinyusb/src/device/usbd_control.c.obj
                0x10008734                tud_control_xfer
 .text.usbd_control_reset
                0x100087a8       0x14 CMakeFiles/gif_screen_driver.dir/C_/VSARM/sdk/pico/pico-sdk/lib/tinyusb/src/device/usbd_control.c.obj
                0x100087a8                usbd_control_reset
 .text.usbd_control_set_complete_callback
                0x100087bc        0xc CMakeFiles/gif_screen_driver.dir/C_/VSARM/sdk/pico/pico-sdk/lib/tinyusb/src/device/usbd_control.c.obj
                0x100087bc                usbd_control_set_complete_callback
 .text.usbd_control_set_request
                0x100087c8       0x1c CMakeFiles/gif_screen_driver.dir/C_/VSARM/sdk/pico/pico-sdk/lib/tinyusb/src/device/usbd_control.c.obj
                0x100087c8                usbd_control_set_request
 .text.usbd_control_xfer_cb
                0x100087e4       0xcc CMakeFiles/gif_screen_driver.dir/C_/VSARM/sdk/pico/pico-sdk/lib/tinyusb/src/device/usbd_control.c.obj
                0x100087e4                usbd_control_xfer_cb
 .text._prep_out_transaction
                0x100088b0       0x4a CMakeFiles/gif_screen_driver.dir/C_/VSARM/sdk/pico/pico-sdk/lib/tinyusb/src/class/cdc/cdc_device.c.obj
 *fill*         0x100088fa        0x2 
 .text.tud_cdc_n_connected
                0x100088fc       0x44 CMakeFiles/gif_screen_driver.dir/C_/VSARM/sdk/pico/pico-sdk/lib/tinyusb/src/class/cdc/cdc_device.c.obj
                0x100088fc                tud_cdc_n_connected
 .text.tud_cdc_n_available
                0x10008940       0x18 CMakeFiles/gif_screen_driver.dir/C_/VSARM/sdk/pico/pico-sdk/lib/tinyusb/src/class/cdc/cdc_device.c.obj
                0x10008940                tud_cdc_n_available
 .text.tud_cdc_n_read
                0x10008958       0x28 CMakeFiles/gif_screen_driver.dir/C_/VSARM/sdk/pico/pico-sdk/lib/tinyusb/src/class/cdc/cdc_device.c.obj
                0x10008958                tud_cdc_n_read
 .text.tud_cdc_n_write_flush
                0x10008980       0xb8 CMakeFiles/gif_screen_driver.dir/C_/VSARM/sdk/pico/pico-sdk/lib/tinyusb/src/class/cdc/cdc_device.c.obj
                0x10008980                tud_cdc_n_write_flush
 .text.tud_cdc_n_write
                0x10008a38       0x38 CMakeFiles/gif_screen_driver.dir/C_/VSARM/sdk/pico/pico-sdk/lib/tinyusb/src/class/cdc/cdc_device.c.obj
                0x10008a38                tud_cdc_n_write
 .text.tud_cdc_n_write_available
                0x10008a70       0x1c CMakeFiles/gif_screen_driver.dir/C_/VSARM/sdk/pico/pico-sdk/lib/tinyusb/src/class/cdc/cdc_device.c.obj
                0x10008a70                tud_cdc_n_write_available
 .text.cdcd_init
                0x10008a8c       0xbc CMakeFiles/gif_screen_driver.dir/C_/VSARM/sdk/pico/pico-sdk/lib/tinyusb/src/class/cdc/cdc_device.c.obj
                0x10008a8c                cdcd_init
 .text.cdcd_reset
                0x10008b48       0x44 CMakeFiles/gif_screen_driver.dir/C_/VSARM/sdk/pico/pico-sdk/lib/tinyusb/src/class/cdc/cdc_device.c.obj
                0x10008b48                cdcd_reset
 .text.cdcd_open
                0x10008b8c       0xcc CMakeFiles/gif_screen_driver.dir/C_/VSARM/sdk/pico/pico-sdk/lib/tinyusb/src/class/cdc/cdc_device.c.obj
                0x10008b8c                cdcd_open
 .text.cdcd_control_xfer_cb
                0x10008c58      0x134 CMakeFiles/gif_screen_driver.dir/C_/VSARM/sdk/pico/pico-sdk/lib/tinyusb/src/class/cdc/cdc_device.c.obj
                0x10008c58                cdcd_control_xfer_cb
 .text.cdcd_xfer_cb
                0x10008d8c      0x130 CMakeFiles/gif_screen_driver.dir/C_/VSARM/sdk/pico/pico-sdk/lib/tinyusb/src/class/cdc/cdc_device.c.obj
                0x10008d8c                cdcd_xfer_cb
 .text.tusb_init
                0x10008ebc        0xa CMakeFiles/gif_screen_driver.dir/C_/VSARM/sdk/pico/pico-sdk/lib/tinyusb/src/tusb.c.obj
                0x10008ebc                tusb_init
 .text.tusb_inited
                0x10008ec6        0xe CMakeFiles/gif_screen_driver.dir/C_/VSARM/sdk/pico/pico-sdk/lib/tinyusb/src/tusb.c.obj
                0x10008ec6                tusb_inited
 .text.tu_edpt_claim
                0x10008ed4       0x50 CMakeFiles/gif_screen_driver.dir/C_/VSARM/sdk/pico/pico-sdk/lib/tinyusb/src/tusb.c.obj
                0x10008ed4                tu_edpt_claim
 .text.tu_edpt_release
                0x10008f24       0x3c CMakeFiles/gif_screen_driver.dir/C_/VSARM/sdk/pico/pico-sdk/lib/tinyusb/src/tusb.c.obj
                0x10008f24                tu_edpt_release
 .text.tu_edpt_validate
                0x10008f60       0x78 CMakeFiles/gif_screen_driver.dir/C_/VSARM/sdk/pico/pico-sdk/lib/tinyusb/src/tusb.c.obj
                0x10008f60                tu_edpt_validate
 .text.tu_edpt_bind_driver
                0x10008fd8       0x26 CMakeFiles/gif_screen_driver.dir/C_/VSARM/sdk/pico/pico-sdk/lib/tinyusb/src/tusb.c.obj
                0x10008fd8                tu_edpt_bind_driver
 .text.advance_index
                0x10008ffe       0x1a CMakeFiles/gif_screen_driver.dir/C_/VSARM/sdk/pico/pico-sdk/lib/tinyusb/src/common/tusb_fifo.c.obj
 .text._tu_fifo_peek
                0x10009018       0x56 CMakeFiles/gif_screen_driver.dir/C_/VSARM/sdk/pico/pico-sdk/lib/tinyusb/src/common/tusb_fifo.c.obj
 .text._ff_pull_const_addr
                0x1000906e       0x4c CMakeFiles/gif_screen_driver.dir/C_/VSARM/sdk/pico/pico-sdk/lib/tinyusb/src/common/tusb_fifo.c.obj
 .text._ff_pull_n
                0x100090ba      0x110 CMakeFiles/gif_screen_driver.dir/C_/VSARM/sdk/pico/pico-sdk/lib/tinyusb/src/common/tusb_fifo.c.obj
 .text._tu_fifo_peek_n
                0x100091ca       0x6a CMakeFiles/gif_screen_driver.dir/C_/VSARM/sdk/pico/pico-sdk/lib/tinyusb/src/common/tusb_fifo.c.obj
 .text._tu_fifo_read_n
                0x10009234       0x4e CMakeFiles/gif_screen_driver.dir/C_/VSARM/sdk/pico/pico-sdk/lib/tinyusb/src/common/tusb_fifo.c.obj
 .text._ff_push_const_addr
                0x10009282       0x40 CMakeFiles/gif_screen_driver.dir/C_/VSARM/sdk/pico/pico-sdk/lib/tinyusb/src/common/tusb_fifo.c.obj
 .text._ff_push_n
                0x100092c2      0x10c CMakeFiles/gif_screen_driver.dir/C_/VSARM/sdk/pico/pico-sdk/lib/tinyusb/src/common/tusb_fifo.c.obj
 .text._tu_fifo_write_n
                0x100093ce       0xf0 CMakeFiles/gif_screen_driver.dir/C_/VSARM/sdk/pico/pico-sdk/lib/tinyusb/src/common/tusb_fifo.c.obj
 .text.tu_fifo_config
                0x100094be       0x7c CMakeFiles/gif_screen_driver.dir/C_/VSARM/sdk/pico/pico-sdk/lib/tinyusb/src/common/tusb_fifo.c.obj
                0x100094be                tu_fifo_config
 .text.tu_fifo_count
                0x1000953a       0x2a CMakeFiles/gif_screen_driver.dir/C_/VSARM/sdk/pico/pico-sdk/lib/tinyusb/src/common/tusb_fifo.c.obj
                0x1000953a                tu_fifo_count
 .text.tu_fifo_empty
                0x10009564       0x10 CMakeFiles/gif_screen_driver.dir/C_/VSARM/sdk/pico/pico-sdk/lib/tinyusb/src/common/tusb_fifo.c.obj
                0x10009564                tu_fifo_empty
 .text.tu_fifo_full
                0x10009574       0x28 CMakeFiles/gif_screen_driver.dir/C_/VSARM/sdk/pico/pico-sdk/lib/tinyusb/src/common/tusb_fifo.c.obj
                0x10009574                tu_fifo_full
 .text.tu_fifo_remaining
                0x1000959c       0x2c CMakeFiles/gif_screen_driver.dir/C_/VSARM/sdk/pico/pico-sdk/lib/tinyusb/src/common/tusb_fifo.c.obj
                0x1000959c                tu_fifo_remaining
 .text.tu_fifo_read
                0x100095c8       0x42 CMakeFiles/gif_screen_driver.dir/C_/VSARM/sdk/pico/pico-sdk/lib/tinyusb/src/common/tusb_fifo.c.obj
                0x100095c8                tu_fifo_read
 .text.tu_fifo_read_n
                0x1000960a        0xa CMakeFiles/gif_screen_driver.dir/C_/VSARM/sdk/pico/pico-sdk/lib/tinyusb/src/common/tusb_fifo.c.obj
                0x1000960a                tu_fifo_read_n
 .text.tu_fifo_write
                0x10009614       0x64 CMakeFiles/gif_screen_driver.dir/C_/VSARM/sdk/pico/pico-sdk/lib/tinyusb/src/common/tusb_fifo.c.obj
                0x10009614                tu_fifo_write
 .text.tu_fifo_write_n
                0x10009678        0xa CMakeFiles/gif_screen_driver.dir/C_/VSARM/sdk/pico/pico-sdk/lib/tinyusb/src/common/tusb_fifo.c.obj
                0x10009678                tu_fifo_write_n
 .text.tu_fifo_clear
                0x10009682       0x3e CMakeFiles/gif_screen_driver.dir/C_/VSARM/sdk/pico/pico-sdk/lib/tinyusb/src/common/tusb_fifo.c.obj
                0x10009682                tu_fifo_clear
 .text.tu_fifo_set_overwritable
                0x100096c0       0x46 CMakeFiles/gif_screen_driver.dir/C_/VSARM/sdk/pico/pico-sdk/lib/tinyusb/src/common/tusb_fifo.c.obj
                0x100096c0                tu_fifo_set_overwritable
 .text.core1_trampoline
                0x10009706        0x2 CMakeFiles/gif_screen_driver.dir/C_/VSARM/sdk/pico/pico-sdk/src/rp2_common/pico_multicore/multicore.c.obj
 .text.core1_wrapper
                0x10009708        0xc CMakeFiles/gif_screen_driver.dir/C_/VSARM/sdk/pico/pico-sdk/src/rp2_common/pico_multicore/multicore.c.obj
                0x10009708                core1_wrapper
 .text.multicore_fifo_push_blocking
                0x10009714       0x14 CMakeFiles/gif_screen_driver.dir/C_/VSARM/sdk/pico/pico-sdk/src/rp2_common/pico_multicore/multicore.c.obj
                0x10009714                multicore_fifo_push_blocking
 .text.multicore_fifo_pop_blocking
                0x10009728       0x16 CMakeFiles/gif_screen_driver.dir/C_/VSARM/sdk/pico/pico-sdk/src/rp2_common/pico_multicore/multicore.c.obj
                0x10009728                multicore_fifo_pop_blocking
 *fill*         0x1000973e        0x2 
 .text.multicore_reset_core1
                0x10009740       0x28 CMakeFiles/gif_screen_driver.dir/C_/VSARM/sdk/pico/pico-sdk/src/rp2_common/pico_multicore/multicore.c.obj
                0x10009740                multicore_reset_core1
 .text.multicore_launch_core1_raw
                0x10009768       0x6e CMakeFiles/gif_screen_driver.dir/C_/VSARM/sdk/pico/pico-sdk/src/rp2_common/pico_multicore/multicore.c.obj
                0x10009768                multicore_launch_core1_raw
 *fill*         0x100097d6        0x2 
 .text.multicore_launch_core1_with_stack
                0x100097d8       0x50 CMakeFiles/gif_screen_driver.dir/C_/VSARM/sdk/pico/pico-sdk/src/rp2_common/pico_multicore/multicore.c.obj
                0x100097d8                multicore_launch_core1_with_stack
 .text.multicore_launch_core1
                0x10009828       0x24 CMakeFiles/gif_screen_driver.dir/C_/VSARM/sdk/pico/pico-sdk/src/rp2_common/pico_multicore/multicore.c.obj
                0x10009828                multicore_launch_core1
 .text.i2c_write_blocking_internal
                0x1000984c      0x140 CMakeFiles/gif_screen_driver.dir/C_/VSARM/sdk/pico/pico-sdk/src/rp2_common/hardware_i2c/i2c.c.obj
 .text.i2c_set_baudrate
                0x1000998c       0xf0 CMakeFiles/gif_screen_driver.dir/C_/VSARM/sdk/pico/pico-sdk/src/rp2_common/hardware_i2c/i2c.c.obj
                0x1000998c                i2c_set_baudrate
 .text.i2c_init
                0x10009a7c       0x58 CMakeFiles/gif_screen_driver.dir/C_/VSARM/sdk/pico/pico-sdk/src/rp2_common/hardware_i2c/i2c.c.obj
                0x10009a7c                i2c_init
 .text.i2c_write_blocking
                0x10009ad4       0x18 CMakeFiles/gif_screen_driver.dir/C_/VSARM/sdk/pico/pico-sdk/src/rp2_common/hardware_i2c/i2c.c.obj
                0x10009ad4                i2c_write_blocking
 .text.ff_memalloc
                0x10009aec        0x8 CMakeFiles/gif_screen_driver.dir/M_/house-projects/Christmas/display-screen-ws2812b/FatFs_SPI/ff15/source/ffsystem.c.obj
                0x10009aec                ff_memalloc
 .text.ff_memfree
                0x10009af4        0x8 CMakeFiles/gif_screen_driver.dir/M_/house-projects/Christmas/display-screen-ws2812b/FatFs_SPI/ff15/source/ffsystem.c.obj
                0x10009af4                ff_memfree
 .text.ff_uni2oem
                0x10009afc       0x44 CMakeFiles/gif_screen_driver.dir/M_/house-projects/Christmas/display-screen-ws2812b/FatFs_SPI/ff15/source/ffunicode.c.obj
                0x10009afc                ff_uni2oem
 .text.ff_oem2uni
                0x10009b40       0x30 CMakeFiles/gif_screen_driver.dir/M_/house-projects/Christmas/display-screen-ws2812b/FatFs_SPI/ff15/source/ffunicode.c.obj
                0x10009b40                ff_oem2uni
 .text.ff_wtoupper
                0x10009b70       0xa8 CMakeFiles/gif_screen_driver.dir/M_/house-projects/Christmas/display-screen-ws2812b/FatFs_SPI/ff15/source/ffunicode.c.obj
                0x10009b70                ff_wtoupper
 .text.ld_word  0x10009c18        0xa CMakeFiles/gif_screen_driver.dir/M_/house-projects/Christmas/display-screen-ws2812b/FatFs_SPI/ff15/source/ff.c.obj
 .text.ld_dword
                0x10009c22       0x18 CMakeFiles/gif_screen_driver.dir/M_/house-projects/Christmas/display-screen-ws2812b/FatFs_SPI/ff15/source/ff.c.obj
 .text.ld_qword
                0x10009c3a       0x42 CMakeFiles/gif_screen_driver.dir/M_/house-projects/Christmas/display-screen-ws2812b/FatFs_SPI/ff15/source/ff.c.obj
 .text.st_word  0x10009c7c        0x8 CMakeFiles/gif_screen_driver.dir/M_/house-projects/Christmas/display-screen-ws2812b/FatFs_SPI/ff15/source/ff.c.obj
 .text.st_dword
                0x10009c84       0x10 CMakeFiles/gif_screen_driver.dir/M_/house-projects/Christmas/display-screen-ws2812b/FatFs_SPI/ff15/source/ff.c.obj
 .text.st_qword
                0x10009c94       0x1e CMakeFiles/gif_screen_driver.dir/M_/house-projects/Christmas/display-screen-ws2812b/FatFs_SPI/ff15/source/ff.c.obj
 .text.dbc_1st  0x10009cb2        0x4 CMakeFiles/gif_screen_driver.dir/M_/house-projects/Christmas/display-screen-ws2812b/FatFs_SPI/ff15/source/ff.c.obj
 .text.dbc_2nd  0x10009cb6        0x4 CMakeFiles/gif_screen_driver.dir/M_/house-projects/Christmas/display-screen-ws2812b/FatFs_SPI/ff15/source/ff.c.obj
 *fill*         0x10009cba        0x2 
 .text.tchar2uni
                0x10009cbc       0xd0 CMakeFiles/gif_screen_driver.dir/M_/house-projects/Christmas/display-screen-ws2812b/FatFs_SPI/ff15/source/ff.c.obj
 .text.put_utf  0x10009d8c       0xfc CMakeFiles/gif_screen_driver.dir/M_/house-projects/Christmas/display-screen-ws2812b/FatFs_SPI/ff15/source/ff.c.obj
 .text.chk_share
                0x10009e88       0x78 CMakeFiles/gif_screen_driver.dir/M_/house-projects/Christmas/display-screen-ws2812b/FatFs_SPI/ff15/source/ff.c.obj
 .text.enq_share
                0x10009f00       0x20 CMakeFiles/gif_screen_driver.dir/M_/house-projects/Christmas/display-screen-ws2812b/FatFs_SPI/ff15/source/ff.c.obj
 .text.inc_share
                0x10009f20       0xa8 CMakeFiles/gif_screen_driver.dir/M_/house-projects/Christmas/display-screen-ws2812b/FatFs_SPI/ff15/source/ff.c.obj
 .text.dec_share
                0x10009fc8       0x44 CMakeFiles/gif_screen_driver.dir/M_/house-projects/Christmas/display-screen-ws2812b/FatFs_SPI/ff15/source/ff.c.obj
 .text.clear_share
                0x1000a00c       0x24 CMakeFiles/gif_screen_driver.dir/M_/house-projects/Christmas/display-screen-ws2812b/FatFs_SPI/ff15/source/ff.c.obj
 .text.clst2sect
                0x1000a030       0x28 CMakeFiles/gif_screen_driver.dir/M_/house-projects/Christmas/display-screen-ws2812b/FatFs_SPI/ff15/source/ff.c.obj
 .text.clmt_clust
                0x1000a058       0x30 CMakeFiles/gif_screen_driver.dir/M_/house-projects/Christmas/display-screen-ws2812b/FatFs_SPI/ff15/source/ff.c.obj
 .text.ld_clust
                0x1000a088       0x26 CMakeFiles/gif_screen_driver.dir/M_/house-projects/Christmas/display-screen-ws2812b/FatFs_SPI/ff15/source/ff.c.obj
 .text.st_clust
                0x1000a0ae       0x26 CMakeFiles/gif_screen_driver.dir/M_/house-projects/Christmas/display-screen-ws2812b/FatFs_SPI/ff15/source/ff.c.obj
 .text.pick_lfn
                0x1000a0d4       0x94 CMakeFiles/gif_screen_driver.dir/M_/house-projects/Christmas/display-screen-ws2812b/FatFs_SPI/ff15/source/ff.c.obj
 .text.put_lfn  0x1000a168       0x8c CMakeFiles/gif_screen_driver.dir/M_/house-projects/Christmas/display-screen-ws2812b/FatFs_SPI/ff15/source/ff.c.obj
 .text.sum_sfn  0x1000a1f4       0x20 CMakeFiles/gif_screen_driver.dir/M_/house-projects/Christmas/display-screen-ws2812b/FatFs_SPI/ff15/source/ff.c.obj
 .text.xdir_sum
                0x1000a214       0x2e CMakeFiles/gif_screen_driver.dir/M_/house-projects/Christmas/display-screen-ws2812b/FatFs_SPI/ff15/source/ff.c.obj
 .text.init_alloc_info
                0x1000a242       0x2e CMakeFiles/gif_screen_driver.dir/M_/house-projects/Christmas/display-screen-ws2812b/FatFs_SPI/ff15/source/ff.c.obj
 .text.get_ldnumber
                0x1000a270       0x5c CMakeFiles/gif_screen_driver.dir/M_/house-projects/Christmas/display-screen-ws2812b/FatFs_SPI/ff15/source/ff.c.obj
 .text.crc32    0x1000a2cc       0x2c CMakeFiles/gif_screen_driver.dir/M_/house-projects/Christmas/display-screen-ws2812b/FatFs_SPI/ff15/source/ff.c.obj
 .text.validate
                0x1000a2f8       0x52 CMakeFiles/gif_screen_driver.dir/M_/house-projects/Christmas/display-screen-ws2812b/FatFs_SPI/ff15/source/ff.c.obj
 *fill*         0x1000a34a        0x2 
 .text.test_gpt_header
                0x1000a34c       0x7c CMakeFiles/gif_screen_driver.dir/M_/house-projects/Christmas/display-screen-ws2812b/FatFs_SPI/ff15/source/ff.c.obj
 .text.sync_window
                0x1000a3c8       0x70 CMakeFiles/gif_screen_driver.dir/M_/house-projects/Christmas/display-screen-ws2812b/FatFs_SPI/ff15/source/ff.c.obj
 .text.move_window
                0x1000a438       0x4c CMakeFiles/gif_screen_driver.dir/M_/house-projects/Christmas/display-screen-ws2812b/FatFs_SPI/ff15/source/ff.c.obj
 .text.check_fs
                0x1000a484      0x100 CMakeFiles/gif_screen_driver.dir/M_/house-projects/Christmas/display-screen-ws2812b/FatFs_SPI/ff15/source/ff.c.obj
 .text.find_volume
                0x1000a584      0x14c CMakeFiles/gif_screen_driver.dir/M_/house-projects/Christmas/display-screen-ws2812b/FatFs_SPI/ff15/source/ff.c.obj
 .text.mount_volume
                0x1000a6d0      0x540 CMakeFiles/gif_screen_driver.dir/M_/house-projects/Christmas/display-screen-ws2812b/FatFs_SPI/ff15/source/ff.c.obj
 .text.find_bitmap
                0x1000ac10       0xa6 CMakeFiles/gif_screen_driver.dir/M_/house-projects/Christmas/display-screen-ws2812b/FatFs_SPI/ff15/source/ff.c.obj
 .text.change_bitmap
                0x1000acb6       0x96 CMakeFiles/gif_screen_driver.dir/M_/house-projects/Christmas/display-screen-ws2812b/FatFs_SPI/ff15/source/ff.c.obj
 .text.put_fat  0x1000ad4c      0x176 CMakeFiles/gif_screen_driver.dir/M_/house-projects/Christmas/display-screen-ws2812b/FatFs_SPI/ff15/source/ff.c.obj
 .text.fill_last_frag
                0x1000aec2       0x32 CMakeFiles/gif_screen_driver.dir/M_/house-projects/Christmas/display-screen-ws2812b/FatFs_SPI/ff15/source/ff.c.obj
 .text.fill_first_frag
                0x1000aef4       0x32 CMakeFiles/gif_screen_driver.dir/M_/house-projects/Christmas/display-screen-ws2812b/FatFs_SPI/ff15/source/ff.c.obj
 *fill*         0x1000af26        0x2 
 .text.get_fat  0x1000af28      0x1ac CMakeFiles/gif_screen_driver.dir/M_/house-projects/Christmas/display-screen-ws2812b/FatFs_SPI/ff15/source/ff.c.obj
 .text.create_chain
                0x1000b0d4      0x1c6 CMakeFiles/gif_screen_driver.dir/M_/house-projects/Christmas/display-screen-ws2812b/FatFs_SPI/ff15/source/ff.c.obj
 .text.dir_sdi  0x1000b29a       0xd4 CMakeFiles/gif_screen_driver.dir/M_/house-projects/Christmas/display-screen-ws2812b/FatFs_SPI/ff15/source/ff.c.obj
 .text.remove_chain
                0x1000b36e      0x14c CMakeFiles/gif_screen_driver.dir/M_/house-projects/Christmas/display-screen-ws2812b/FatFs_SPI/ff15/source/ff.c.obj
 .text.dir_clear
                0x1000b4ba       0xf0 CMakeFiles/gif_screen_driver.dir/M_/house-projects/Christmas/display-screen-ws2812b/FatFs_SPI/ff15/source/ff.c.obj
 .text.dir_next
                0x1000b5aa      0x104 CMakeFiles/gif_screen_driver.dir/M_/house-projects/Christmas/display-screen-ws2812b/FatFs_SPI/ff15/source/ff.c.obj
 .text.dir_alloc
                0x1000b6ae       0x70 CMakeFiles/gif_screen_driver.dir/M_/house-projects/Christmas/display-screen-ws2812b/FatFs_SPI/ff15/source/ff.c.obj
 .text.load_xdir
                0x1000b71e      0x10c CMakeFiles/gif_screen_driver.dir/M_/house-projects/Christmas/display-screen-ws2812b/FatFs_SPI/ff15/source/ff.c.obj
 .text.load_obj_xdir
                0x1000b82a       0x36 CMakeFiles/gif_screen_driver.dir/M_/house-projects/Christmas/display-screen-ws2812b/FatFs_SPI/ff15/source/ff.c.obj
 .text.dir_read
                0x1000b860      0x114 CMakeFiles/gif_screen_driver.dir/M_/house-projects/Christmas/display-screen-ws2812b/FatFs_SPI/ff15/source/ff.c.obj
 .text.gen_numname
                0x1000b974       0xac CMakeFiles/gif_screen_driver.dir/M_/house-projects/Christmas/display-screen-ws2812b/FatFs_SPI/ff15/source/ff.c.obj
 .text.store_xdir
                0x1000ba20       0x66 CMakeFiles/gif_screen_driver.dir/M_/house-projects/Christmas/display-screen-ws2812b/FatFs_SPI/ff15/source/ff.c.obj
 *fill*         0x1000ba86        0x2 
 .text.create_name
                0x1000ba88      0x324 CMakeFiles/gif_screen_driver.dir/M_/house-projects/Christmas/display-screen-ws2812b/FatFs_SPI/ff15/source/ff.c.obj
 .text.xname_sum
                0x1000bdac       0x38 CMakeFiles/gif_screen_driver.dir/M_/house-projects/Christmas/display-screen-ws2812b/FatFs_SPI/ff15/source/ff.c.obj
 .text.create_xdir
                0x1000bde4       0x90 CMakeFiles/gif_screen_driver.dir/M_/house-projects/Christmas/display-screen-ws2812b/FatFs_SPI/ff15/source/ff.c.obj
 .text.cmp_lfn  0x1000be74       0xb0 CMakeFiles/gif_screen_driver.dir/M_/house-projects/Christmas/display-screen-ws2812b/FatFs_SPI/ff15/source/ff.c.obj
 .text.dir_find
                0x1000bf24      0x18c CMakeFiles/gif_screen_driver.dir/M_/house-projects/Christmas/display-screen-ws2812b/FatFs_SPI/ff15/source/ff.c.obj
 .text.follow_path
                0x1000c0b0      0x11a CMakeFiles/gif_screen_driver.dir/M_/house-projects/Christmas/display-screen-ws2812b/FatFs_SPI/ff15/source/ff.c.obj
 .text.dir_register
                0x1000c1ca      0x202 CMakeFiles/gif_screen_driver.dir/M_/house-projects/Christmas/display-screen-ws2812b/FatFs_SPI/ff15/source/ff.c.obj
 .text.get_achar
                0x1000c3cc       0x14 CMakeFiles/gif_screen_driver.dir/M_/house-projects/Christmas/display-screen-ws2812b/FatFs_SPI/ff15/source/ff.c.obj
 .text.pattern_match
                0x1000c3e0       0xce CMakeFiles/gif_screen_driver.dir/M_/house-projects/Christmas/display-screen-ws2812b/FatFs_SPI/ff15/source/ff.c.obj
 .text.get_fileinfo
                0x1000c4ae      0x294 CMakeFiles/gif_screen_driver.dir/M_/house-projects/Christmas/display-screen-ws2812b/FatFs_SPI/ff15/source/ff.c.obj
 *fill*         0x1000c742        0x2 
 .text.f_mount  0x1000c744       0x60 CMakeFiles/gif_screen_driver.dir/M_/house-projects/Christmas/display-screen-ws2812b/FatFs_SPI/ff15/source/ff.c.obj
                0x1000c744                f_mount
 .text.f_open   0x1000c7a4      0x366 CMakeFiles/gif_screen_driver.dir/M_/house-projects/Christmas/display-screen-ws2812b/FatFs_SPI/ff15/source/ff.c.obj
                0x1000c7a4                f_open
 .text.f_read   0x1000cb0a      0x250 CMakeFiles/gif_screen_driver.dir/M_/house-projects/Christmas/display-screen-ws2812b/FatFs_SPI/ff15/source/ff.c.obj
                0x1000cb0a                f_read
 .text.f_lseek  0x1000cd5a      0x4c0 CMakeFiles/gif_screen_driver.dir/M_/house-projects/Christmas/display-screen-ws2812b/FatFs_SPI/ff15/source/ff.c.obj
                0x1000cd5a                f_lseek
 .text.f_opendir
                0x1000d21a       0xd2 CMakeFiles/gif_screen_driver.dir/M_/house-projects/Christmas/display-screen-ws2812b/FatFs_SPI/ff15/source/ff.c.obj
                0x1000d21a                f_opendir
 .text.f_readdir
                0x1000d2ec       0x74 CMakeFiles/gif_screen_driver.dir/M_/house-projects/Christmas/display-screen-ws2812b/FatFs_SPI/ff15/source/ff.c.obj
                0x1000d2ec                f_readdir
 .text.f_findnext
                0x1000d360       0x32 CMakeFiles/gif_screen_driver.dir/M_/house-projects/Christmas/display-screen-ws2812b/FatFs_SPI/ff15/source/ff.c.obj
                0x1000d360                f_findnext
 .text.sd_spi_deselect
                0x1000d392       0x26 CMakeFiles/gif_screen_driver.dir/M_/house-projects/Christmas/display-screen-ws2812b/FatFs_SPI/sd_driver/sd_spi.c.obj
 .text.sd_spi_select
                0x1000d3b8       0x26 CMakeFiles/gif_screen_driver.dir/M_/house-projects/Christmas/display-screen-ws2812b/FatFs_SPI/sd_driver/sd_spi.c.obj
 .text.sd_spi_lock
                0x1000d3de        0xa CMakeFiles/gif_screen_driver.dir/M_/house-projects/Christmas/display-screen-ws2812b/FatFs_SPI/sd_driver/sd_spi.c.obj
 .text.sd_spi_unlock
                0x1000d3e8        0xa CMakeFiles/gif_screen_driver.dir/M_/house-projects/Christmas/display-screen-ws2812b/FatFs_SPI/sd_driver/sd_spi.c.obj
 .text.sd_spi_go_high_frequency
                0x1000d3f2        0xe CMakeFiles/gif_screen_driver.dir/M_/house-projects/Christmas/display-screen-ws2812b/FatFs_SPI/sd_driver/sd_spi.c.obj
                0x1000d3f2                sd_spi_go_high_frequency
 .text.sd_spi_go_low_frequency
                0x1000d400       0x14 CMakeFiles/gif_screen_driver.dir/M_/house-projects/Christmas/display-screen-ws2812b/FatFs_SPI/sd_driver/sd_spi.c.obj
                0x1000d400                sd_spi_go_low_frequency
 .text.sd_spi_deselect_pulse
                0x1000d414       0x10 CMakeFiles/gif_screen_driver.dir/M_/house-projects/Christmas/display-screen-ws2812b/FatFs_SPI/sd_driver/sd_spi.c.obj
                0x1000d414                sd_spi_deselect_pulse
 .text.sd_spi_acquire
                0x1000d424       0x10 CMakeFiles/gif_screen_driver.dir/M_/house-projects/Christmas/display-screen-ws2812b/FatFs_SPI/sd_driver/sd_spi.c.obj
                0x1000d424                sd_spi_acquire
 .text.sd_spi_release
                0x1000d434       0x10 CMakeFiles/gif_screen_driver.dir/M_/house-projects/Christmas/display-screen-ws2812b/FatFs_SPI/sd_driver/sd_spi.c.obj
                0x1000d434                sd_spi_release
 .text.sd_spi_transfer
                0x1000d444        0xa CMakeFiles/gif_screen_driver.dir/M_/house-projects/Christmas/display-screen-ws2812b/FatFs_SPI/sd_driver/sd_spi.c.obj
                0x1000d444                sd_spi_transfer
 *fill*         0x1000d44e        0x2 
 .text.sd_spi_write
                0x1000d450       0x44 CMakeFiles/gif_screen_driver.dir/M_/house-projects/Christmas/display-screen-ws2812b/FatFs_SPI/sd_driver/sd_spi.c.obj
                0x1000d450                sd_spi_write
 .text.sd_spi_send_initializing_sequence
                0x1000d494       0xc0 CMakeFiles/gif_screen_driver.dir/M_/house-projects/Christmas/display-screen-ws2812b/FatFs_SPI/sd_driver/sd_spi.c.obj
                0x1000d494                sd_spi_send_initializing_sequence
 .text.in_spi_irq_handler
                0x1000d554       0x90 CMakeFiles/gif_screen_driver.dir/M_/house-projects/Christmas/display-screen-ws2812b/FatFs_SPI/sd_driver/spi.c.obj
 .text.spi_lock
                0x1000d5e4       0x28 CMakeFiles/gif_screen_driver.dir/M_/house-projects/Christmas/display-screen-ws2812b/FatFs_SPI/sd_driver/spi.c.obj
                0x1000d5e4                spi_lock
 .text.spi_unlock
                0x1000d60c       0x28 CMakeFiles/gif_screen_driver.dir/M_/house-projects/Christmas/display-screen-ws2812b/FatFs_SPI/sd_driver/spi.c.obj
                0x1000d60c                spi_unlock
 .text.my_spi_init
                0x1000d634      0x2b4 CMakeFiles/gif_screen_driver.dir/M_/house-projects/Christmas/display-screen-ws2812b/FatFs_SPI/sd_driver/spi.c.obj
                0x1000d634                my_spi_init
 .text.ext_bits
                0x1000d8e8       0x30 CMakeFiles/gif_screen_driver.dir/M_/house-projects/Christmas/display-screen-ws2812b/FatFs_SPI/sd_driver/sd_card.c.obj
 .text.sd_ctor  0x1000d918       0x30 CMakeFiles/gif_screen_driver.dir/M_/house-projects/Christmas/display-screen-ws2812b/FatFs_SPI/sd_driver/sd_card.c.obj
 .text.sd_lock  0x1000d948       0x30 CMakeFiles/gif_screen_driver.dir/M_/house-projects/Christmas/display-screen-ws2812b/FatFs_SPI/sd_driver/sd_card.c.obj
 .text.sd_acquire
                0x1000d978       0x10 CMakeFiles/gif_screen_driver.dir/M_/house-projects/Christmas/display-screen-ws2812b/FatFs_SPI/sd_driver/sd_card.c.obj
 .text.sd_cmd_spi
                0x1000d988       0x74 CMakeFiles/gif_screen_driver.dir/M_/house-projects/Christmas/display-screen-ws2812b/FatFs_SPI/sd_driver/sd_card.c.obj
 .text.sd_unlock
                0x1000d9fc       0x30 CMakeFiles/gif_screen_driver.dir/M_/house-projects/Christmas/display-screen-ws2812b/FatFs_SPI/sd_driver/sd_card.c.obj
 .text.sd_release
                0x1000da2c       0x10 CMakeFiles/gif_screen_driver.dir/M_/house-projects/Christmas/display-screen-ws2812b/FatFs_SPI/sd_driver/sd_card.c.obj
 .text.sd_wait_token
                0x1000da3c       0x9c CMakeFiles/gif_screen_driver.dir/M_/house-projects/Christmas/display-screen-ws2812b/FatFs_SPI/sd_driver/sd_card.c.obj
 .text.sd_read_bytes
                0x1000dad8       0x90 CMakeFiles/gif_screen_driver.dir/M_/house-projects/Christmas/display-screen-ws2812b/FatFs_SPI/sd_driver/sd_card.c.obj
 .text.sd_read_block
                0x1000db68       0x8c CMakeFiles/gif_screen_driver.dir/M_/house-projects/Christmas/display-screen-ws2812b/FatFs_SPI/sd_driver/sd_card.c.obj
 .text.sd_wait_ready
                0x1000dbf4       0xb8 CMakeFiles/gif_screen_driver.dir/M_/house-projects/Christmas/display-screen-ws2812b/FatFs_SPI/sd_driver/sd_card.c.obj
 .text.sd_cmd   0x1000dcac      0x2f0 CMakeFiles/gif_screen_driver.dir/M_/house-projects/Christmas/display-screen-ws2812b/FatFs_SPI/sd_driver/sd_card.c.obj